========================================================
== dumpstate: 2010-01-02 00:54:12
========================================================

Build: full_elink8321_emmc-user.2016012002
Build fingerprint: 'alps/full_elink8321_emmc/elink8321_emmc:5.1/LMY47I/1453276370:user/test-keys'
Bootloader: unknown
Radio: unknown
Network: (unknown)
Kernel: Linux version 3.10.72+ (xx@elink99) (gcc version 4.8 (GCC) ) #1 SMP PREEMPT Wed Jan 20 03:08:45 EST 2016
Command line: console=tty0 console=ttyMT0,921600n1 root=/dev/ram vmalloc=496M androidboot.hardware=mt6580 bootopt=64S3,32S1,32S1 lcm=1-tf070mc124_ips_dsi fps=5824 vram=9437184 printk.disable_uart=1 bootprof.pl_t=2013 bootprof.lk_t=3515 boot_reason=0 ramoops.mem_address=0x83f10000 ramoops.mem_size=0xe0000 ramoops.console_size=0x10000 androidboot.serialno=201601011151 androidboot.bootreason=power_key gpt=1

------ UPTIME (uptime) ------
up time: 23:54:07, idle time: 03:13:11, sleep time: 21:04:42
[uptime: 0.101s elapsed]

------ MMC PERF (/sys/block/mmcblk0/stat) ------
   47550    11325  4020036   428120    14523    13781  4288744  1859500        0   248990  2287420

------ MEMORY INFO (/proc/meminfo) ------
MemTotal:         984984 kB
MemFree:           70504 kB
Buffers:           10572 kB
Cached:           319648 kB
SwapCached:         1864 kB
Active:           307776 kB
Inactive:         313640 kB
Active(anon):     140496 kB
Inactive(anon):   152376 kB
Active(file):     167280 kB
Inactive(file):   161264 kB
Unevictable:        1404 kB
Mlocked:               0 kB
HighTotal:        512000 kB
HighFree:          19560 kB
LowTotal:         472984 kB
LowFree:           50944 kB
SwapTotal:        499708 kB
SwapFree:         467124 kB
Dirty:                16 kB
Writeback:             0 kB
AnonPages:        292152 kB
Mapped:           163204 kB
Shmem:               272 kB
Slab:              36880 kB
SReclaimable:      18080 kB
SUnreclaim:        18800 kB
KernelStack:        7536 kB
PageTables:        14804 kB
NFS_Unstable:          0 kB
Bounce:                0 kB
WritebackTmp:          0 kB
CommitLimit:      992200 kB
Committed_AS:   18488076 kB
VmallocTotal:     499712 kB
VmallocUsed:       71488 kB
VmallocChunk:     131012 kB

------ CPU INFO (top -n 1 -d 1 -m 30 -t) ------



User 5%, System 15%, IOW 0%, IRQ 0%
User 14 + Nice 0 + Sys 39 + Idle 193 + IOW 0 + IRQ 0 + SIRQ 0 = 246

  PID   TID PR CPU% S     VSS     RSS PCY UID      Thread          Proc
11155 11155  1   9% R   2888K   1328K  fg shell    top             top
11003 11003  0   4% S   2592K   1044K  fg shell    top             top
 8432  8432  0   1% S   2600K   1052K  fg shell    top             top
 8620  8620  0   1% S   2600K   1052K  fg shell    top             top
    3     3  0   0% S      0K      0K  fg root     ksoftirqd/0     
11149 11149  0   0% S   1288K    624K  fg shell    dumpstate       /system/bin/dumpstate
   10    10  0   0% S      0K      0K  fg root     rcu_sched       
   11    11  1   0% S      0K      0K  fg root     migration/1     
   12    12  1   0% S      0K      0K  fg root     ksoftirqd/1     
   14    14  1   0% S      0K      0K  fg root     kworker/1:0H    
   15    15  2   0% R      0K      0K  fg root     migration/2     
   16    16  2   0% R      0K      0K  fg root     ksoftirqd/2     
   18    18  2   0% S      0K      0K  fg root     kworker/2:0H    
   19    19  3   0% R      0K      0K  fg root     migration/3     
   20    20  3   0% R      0K      0K  fg root     ksoftirqd/3     
   21    21  3   0% S      0K      0K  fg root     kworker/3:0     
   22    22  3   0% S      0K      0K  fg root     kworker/3:0H    
   23    23  0   0% S      0K      0K  fg root     khelper         
   24    24  0   0% S      0K      0K  fg root     fs_sync         
   25    25  0   0% S      0K      0K  fg root     suspend         
   26    26  0   0% S      0K      0K  fg root     writeback       
   27    27  0   0% S      0K      0K  fg root     bioset          
   28    28  0   0% S      0K      0K  fg root     crypto          
   29    29  0   0% S      0K      0K  fg root     kblockd         
   30    30  0   0% S      0K      0K  fg root     cmdq_auto_relea 
   31    31  0   0% S      0K      0K  fg root     cmdq_auto_relea 
   32    32  1   0% S      0K      0K  fg root     cmdq_auto_relea 
   33    33  0   0% S      0K      0K  fg root     cmdq_auto_relea 
   34    34  0   0% S      0K      0K  fg root     cmdq_auto_relea 
   35    35  0   0% S      0K      0K  fg root     cmdq_auto_relea 
[top: 1.502s elapsed]

------ PROCRANK (procrank) ------
*** exec(procrank): Permission denied
*** procrank: Exit code 255
[procrank: 0.101s elapsed]

------ VIRTUAL MEMORY STATS (/proc/vmstat) ------
nr_free_pages 17615
nr_inactive_anon 38094
nr_active_anon 35144
nr_inactive_file 40316
nr_active_file 41820
nr_unevictable 351
nr_mlock 0
nr_anon_pages 73040
nr_mapped 40801
nr_file_pages 83021
nr_dirty 4
nr_writeback 0
nr_slab_reclaimable 4520
nr_slab_unreclaimable 4700
nr_page_table_pages 3705
nr_kernel_stack 942
nr_unstable 0
nr_bounce 0
nr_vmscan_write 9117
nr_vmscan_immediate_reclaim 1
nr_writeback_temp 0
nr_isolated_anon 0
nr_isolated_file 0
nr_shmem 68
nr_dirtied 265573
nr_written 274342
nr_anon_transparent_hugepages 0
nr_free_cma 0
nr_dirty_threshold 8678
nr_dirty_background_threshold 2169
pgpgin 2013288
pgpgout 1158556
pswpin 802
pswpout 9117
pgalloc_normal 2743999
pgalloc_high 1450006
pgalloc_movable 0
pgfree 4212036
pgactivate 136698
pgdeactivate 165603
pgfault 11774320
pgmajfault 14365
pgfmfault 13563
pgrefill_normal 53847
pgrefill_high 134381
pgrefill_movable 0
pgsteal_kswapd_normal 263544
pgsteal_kswapd_high 261810
pgsteal_kswapd_movable 0
pgsteal_direct_normal 1386
pgsteal_direct_high 1610
pgsteal_direct_movable 0
pgscan_kswapd_normal 283021
pgscan_kswapd_high 326484
pgscan_kswapd_movable 0
pgscan_direct_normal 1823
pgscan_direct_high 2151
pgscan_direct_movable 0
pgscan_direct_throttle 0
pginodesteal 0
slabs_scanned 114816
kswapd_inodesteal 0
kswapd_low_wmark_hit_quickly 101
kswapd_high_wmark_hit_quickly 277
pageoutrun 533
allocstall 58
pgrotated 4868
pgmigrate_success 0
pgmigrate_fail 0
compact_migrate_scanned 0
compact_free_scanned 0
compact_isolated 0
compact_stall 0
compact_fail 0
compact_success 0
unevictable_pgs_culled 35591
unevictable_pgs_scanned 0
unevictable_pgs_rescued 35240
unevictable_pgs_mlocked 35240
unevictable_pgs_munlocked 35240
unevictable_pgs_cleared 0
unevictable_pgs_stranded 0

------ VMALLOC INFO (/proc/vmallocinfo) ------
0x00000000-0x00000000   69632 ram_console_early_init+0xa4/0x240 vmap
0x00000000-0x00000000    8192 of_iomap+0x38/0x40 phys=11000000 ioremap
0x00000000-0x00000000    8192 of_iomap+0x38/0x40 phys=11005000 ioremap
0x00000000-0x00000000    8192 of_iomap+0x38/0x40 phys=11006000 ioremap
0x00000000-0x00000000  266240 atomic_pool_init+0x0/0x110 phys=9fd80000 user
0x00000000-0x00000000    8192 of_iomap+0x38/0x40 phys=11009000 ioremap
0x00000000-0x00000000    8192 of_iomap+0x38/0x40 phys=1100a000 ioremap
0x00000000-0x00000000    8192 of_iomap+0x38/0x40 phys=1100b000 ioremap
0x00000000-0x00000000    8192 of_iomap+0x38/0x40 phys=10018000 ioremap
0x00000000-0x00000000    8192 of_iomap+0x38/0x40 phys=13000000 ioremap
0x00000000-0x00000000    8192 of_iomap+0x38/0x40 phys=14000000 ioremap
0x00000000-0x00000000    8192 of_iomap+0x38/0x40 phys=15000000 ioremap
0x00000000-0x00000000    8192 of_iomap+0x38/0x40 phys=11004000 ioremap
0x00000000-0x00000000    8192 of_iomap+0x38/0x40 phys=10018000 ioremap
0x00000000-0x00000000   20480 m4u_pgtable_init+0xc8/0x22c phys=9fe20000 user
0x00000000-0x00000000    8192 of_iomap+0x38/0x40 phys=14016000 ioremap
0x00000000-0x00000000    8192 of_iomap+0x38/0x40 phys=15001000 ioremap
0x00000000-0x00000000    8192 of_iomap+0x38/0x40 phys=14000000 ioremap
0x00000000-0x00000000    8192 of_iomap+0x38/0x40 phys=14001000 ioremap
0x00000000-0x00000000    8192 of_iomap+0x38/0x40 phys=14002000 ioremap
0x00000000-0x00000000   69632 of_iomap+0x38/0x40 phys=11140000 ioremap
0x00000000-0x00000000    8192 of_iomap+0x38/0x40 phys=14003000 ioremap
0x00000000-0x00000000    8192 of_iomap+0x38/0x40 phys=14004000 ioremap
0x00000000-0x00000000    8192 of_iomap+0x38/0x40 phys=14005000 ioremap
0x00000000-0x00000000    8192 of_iomap+0x38/0x40 phys=14006000 ioremap
0x00000000-0x00000000    8192 of_iomap+0x38/0x40 phys=14015000 ioremap
0x00000000-0x00000000    8192 of_iomap+0x38/0x40 phys=15009000 ioremap
0x00000000-0x00000000  266240 cmdq_core_alloc_hw_buffer+0x44/0xa8 phys=9fe80000 user
0x00000000-0x00000000  266240 cmdq_core_alloc_hw_buffer+0x44/0xa8 phys=9fec0000 user
0x00000000-0x00000000  266240 cmdq_core_alloc_hw_buffer+0x44/0xa8 phys=9ff00000 user
0x00000000-0x00000000  266240 cmdq_core_alloc_hw_buffer+0x44/0xa8 phys=9ff40000 user
0x00000000-0x00000000    8192 mali_mem_os_get_table_page+0xbc/0x13c phys=89418000 user
0x00000000-0x00000000    8192 mali_mem_os_get_table_page+0xbc/0x13c phys=88cee000 user
0x00000000-0x00000000   49152 zisofs_init+0x14/0x34 pages=11 vmalloc
0x00000000-0x00000000    8192 of_iomap+0x38/0x40 phys=11003000 ioremap
0x00000000-0x00000000   12288 zs_cpu_notifier+0x54/0x9c ioremap
0x00000000-0x00000000    8192 mali_mem_os_get_table_page+0xbc/0x13c phys=89a30000 user
0x00000000-0x00000000    8192 mali_mem_os_get_table_page+0xbc/0x13c phys=98b06000 user
0x00000000-0x00000000    8192 mali_mem_os_get_table_page+0xbc/0x13c phys=82fac000 user
0x00000000-0x00000000    8192 mali_mem_os_get_table_page+0xbc/0x13c phys=83511000 user
0x00000000-0x00000000    8192 mali_mem_os_get_table_page+0xbc/0x13c phys=834e5000 user
0x00000000-0x00000000   40960 of_iomap+0x38/0x40 phys=15004000 ioremap
0x00000000-0x00000000    8192 of_iomap+0x38/0x40 phys=11003000 ioremap
0x00000000-0x00000000    8192 of_iomap+0x38/0x40 phys=10018000 ioremap
0x00000000-0x00000000    8192 of_iomap+0x38/0x40 phys=15009000 ioremap
0x00000000-0x00000000   69632 of_iomap+0x38/0x40 phys=15000000 ioremap
0x00000000-0x00000000    8192 of_iomap+0x38/0x40 phys=1500b000 ioremap
0x00000000-0x00000000    8192 conn_md_dmp_init+0x14/0x94 pages=1 vmalloc
0x00000000-0x00000000    8192 of_iomap+0x38/0x40 phys=1020000 ioremap
0x00000000-0x00000000   20480 of_iomap+0x38/0x40 phys=10011000 ioremap
0x00000000-0x00000000    8192 of_iomap+0x38/0x40 phys=10016000 ioremap
0x00000000-0x00000000 1052672 item_map+0x24/0x54 phys=bff00000 ioremap
0x00000000-0x00000000  266240 create_log.constprop.9+0x18/0x150 pages=64 vmalloc
0x00000000-0x00000000  266240 create_log.constprop.9+0x18/0x150 pages=64 vmalloc
0x00000000-0x00000000  266240 create_log.constprop.9+0x18/0x150 pages=64 vmalloc
0x00000000-0x00000000  266240 create_log.constprop.9+0x18/0x150 pages=64 vmalloc
0x00000000-0x00000000   45056 mrdump_mini_init+0x98/0x3b8 vmap
0x00000000-0x00000000    8192 of_iomap+0x38/0x40 phys=10015000 ioremap
0x00000000-0x00000000    8192 of_iomap+0x38/0x40 phys=10017000 ioremap
0x00000000-0x00000000    8192 of_iomap+0x38/0x40 phys=10014000 ioremap
0x00000000-0x00000000    8192 of_iomap+0x38/0x40 phys=14000000 ioremap
0x00000000-0x00000000    8192 of_iomap+0x38/0x40 phys=14007000 ioremap
0x00000000-0x00000000    8192 of_iomap+0x38/0x40 phys=14008000 ioremap
0x00000000-0x00000000    8192 of_iomap+0x38/0x40 phys=14009000 ioremap
0x00000000-0x00000000    8192 of_iomap+0x38/0x40 phys=1400a000 ioremap
0x00000000-0x00000000    8192 of_iomap+0x38/0x40 phys=1400b000 ioremap
0x00000000-0x00000000    8192 of_iomap+0x38/0x40 phys=1400c000 ioremap
0x00000000-0x00000000    8192 of_iomap+0x38/0x40 phys=1400d000 ioremap
0x00000000-0x00000000    8192 of_iomap+0x38/0x40 phys=1400e000 ioremap
0x00000000-0x00000000    8192 of_iomap+0x38/0x40 phys=1400f000 ioremap
0x00000000-0x00000000    8192 of_iomap+0x38/0x40 phys=14010000 ioremap
0x00000000-0x00000000    8192 of_iomap+0x38/0x40 phys=14011000 ioremap
0x00000000-0x00000000    8192 of_iomap+0x38/0x40 phys=14012000 ioremap
0x00000000-0x00000000    8192 of_iomap+0x38/0x40 phys=14013000 ioremap
0x00000000-0x00000000    8192 of_iomap+0x38/0x40 phys=1100f000 ioremap
0x00000000-0x00000000    8192 of_iomap+0x38/0x40 phys=14015000 ioremap
0x00000000-0x00000000    8192 of_iomap+0x38/0x40 phys=14016000 ioremap
0x00000000-0x00000000    8192 of_iomap+0x38/0x40 phys=14017000 ioremap
0x00000000-0x00000000    8192 of_iomap+0x38/0x40 phys=14018000 ioremap
0x00000000-0x00000000    8192 cmdq_core_alloc_hw_buffer+0x44/0xa8 phys=9d9cc000 user
0x00000000-0x00000000    8192 cmdq_core_alloc_hw_buffer+0x44/0xa8 phys=9d9cd000 user
0x00000000-0x00000000    8192 cmdq_core_alloc_hw_buffer+0x44/0xa8 phys=9d9ce000 user
0x00000000-0x00000000    8192 cmdq_core_alloc_hw_buffer+0x44/0xa8 phys=9d9cf000 user
0x00000000-0x00000000    8192 cmdq_core_alloc_hw_buffer+0x44/0xa8 phys=9d9d0000 user
0x00000000-0x00000000    8192 cmdq_core_alloc_hw_buffer+0x44/0xa8 phys=9d9d1000 user
0x00000000-0x00000000    8192 cmdq_core_alloc_hw_buffer+0x44/0xa8 phys=9d9d2000 user
0x00000000-0x00000000    8192 mali_mem_os_get_table_page+0xbc/0x13c phys=98822000 user
0x00000000-0x00000000 2461696 ion_heap_map_kernel+0xfc/0x14c vmap
0x00000000-0x00000000    8192 of_iomap+0x38/0x40 phys=14006000 ioremap
0x00000000-0x00000000   16384 ged_init+0x18/0xe4 pages=3 vmalloc
0x00000000-0x00000000    8192 mali_mem_os_get_table_page+0xbc/0x13c phys=8483a000 user
0x00000000-0x00000000    8192 mali_mem_os_get_table_page+0xbc/0x13c phys=9da3c000 user
0x00000000-0x00000000    8192 mali_mem_os_get_table_page+0xbc/0x13c phys=9da3d000 user
0x00000000-0x00000000    8192 mali_mem_os_get_table_page+0xbc/0x13c phys=9da3e000 user
0x00000000-0x00000000    8192 mali_mem_os_get_table_page+0xbc/0x13c phys=9da3f000 user
0x00000000-0x00000000    8192 _mali_osk_mem_mapioregion+0x14/0x18 phys=13011000 ioremap
0x00000000-0x00000000    8192 _mali_osk_mem_mapioregion+0x14/0x18 phys=13013000 ioremap
0x00000000-0x00000000    8192 _mali_osk_mem_mapioregion+0x14/0x18 phys=13010000 ioremap
0x00000000-0x00000000    8192 _mali_osk_mem_mapioregion+0x14/0x18 phys=13014000 ioremap
0x00000000-0x00000000   12288 _mali_osk_mem_mapioregion+0x14/0x18 phys=13018000 ioremap
0x00000000-0x00000000    8192 _mali_osk_mem_mapioregion+0x14/0x18 phys=13015000 ioremap
0x00000000-0x00000000    8192 of_iomap+0x38/0x40 phys=10016000 ioremap
0x00000000-0x00000000   12288 _mali_osk_mem_mapioregion+0x14/0x18 phys=1301a000 ioremap
0x00000000-0x00000000    8192 of_iomap+0x38/0x40 phys=10014000 ioremap
0x00000000-0x00000000    8192 of_iomap+0x38/0x40 phys=10015000 ioremap
0x00000000-0x00000000    8192 of_iomap+0x38/0x40 phys=10017000 ioremap
0x00000000-0x00000000    8192 of_iomap+0x38/0x40 phys=10018000 ioremap
0x00000000-0x00000000    8192 msdc_drv_probe+0x1390/0x14ec phys=9da44000 user
0x00000000-0x00000000   20480 msdc_drv_probe+0x83c/0x14ec phys=9da60000 user
0x00000000-0x00000000   69632 of_iomap+0x38/0x40 phys=11120000 ioremap
0x00000000-0x00000000    8192 msdc_drv_probe+0x1390/0x14ec phys=9da47000 user
0x00000000-0x00000000   20480 msdc_drv_probe+0x83c/0x14ec phys=9d8f0000 user
0x00000000-0x00000000    8192 of_iomap+0x38/0x40 phys=11000000 ioremap
0x00000000-0x00000000    8192 of_iomap+0x38/0x40 phys=11009000 ioremap
0x00000000-0x00000000    8192 of_iomap+0x38/0x40 phys=1100a000 ioremap
0x00000000-0x00000000    8192 of_iomap+0x38/0x40 phys=1100b000 ioremap
0x00000000-0x00000000   69632 of_iomap+0x38/0x40 phys=11130000 ioremap
0x00000000-0x00000000    8192 of_iomap+0x38/0x40 phys=11008000 ioremap
0x00000000-0x00000000    8192 of_iomap+0x38/0x40 phys=14017000 ioremap
0x00000000-0x00000000    8192 of_iomap+0x38/0x40 phys=14016000 ioremap
0x00000000-0x00000000    8192 of_iomap+0x38/0x40 phys=15001000 ioremap
0x00000000-0x00000000    8192 of_iomap+0x38/0x40 phys=1100c000 ioremap
0x00000000-0x00000000    8192 of_iomap+0x38/0x40 phys=11000000 ioremap
0x00000000-0x00000000    8192 of_iomap+0x38/0x40 phys=11000000 ioremap
0x00000000-0x00000000   69632 AudDrv_btcvsd_probe+0x170/0x2f4 phys=18000000 ioremap
0x00000000-0x00000000    8192 of_iomap+0x38/0x40 phys=11140000 ioremap
0x00000000-0x00000000    8192 platform_init+0x94/0x35c phys=9e000000 ioremap
0x00000000-0x00000000    8192 platform_init+0x114/0x35c phys=20190000 ioremap
0x00000000-0x00000000   20480 Auddrv_Reg_map+0x20/0x30 phys=11141000 ioremap
0x00000000-0x00000000    8192 platform_init+0x12c/0x35c phys=20193000 ioremap
0x00000000-0x00000000   69632 AudDrv_btcvsd_probe+0x188/0x2f4 phys=18080000 ioremap
0x00000000-0x00000000   20480 AudDrv_Allocate_mem_Buffer+0x12c/0x158 phys=9dacc000 user
0x00000000-0x00000000   20480 AudDrv_Allocate_mem_Buffer+0x12c/0x158 phys=9dae0000 user
0x00000000-0x00000000   20480 AudDrv_Allocate_mem_Buffer+0x12c/0x158 phys=9db04000 user
0x00000000-0x00000000   69632 of_iomap+0x38/0x40 phys=11100000 ioremap
0x00000000-0x00000000    8192 platform_init+0x144/0x35c phys=20195000 ioremap
0x00000000-0x00000000    8192 platform_init+0x15c/0x35c phys=20050000 ioremap
0x00000000-0x00000000    8192 platform_init+0x310/0x35c phys=20000000 ioremap
0x00000000-0x00000000    8192 platform_init+0x324/0x35c phys=23000000 ioremap
0x00000000-0x00000000    8192 platform_init+0x2e4/0x35c phys=20040000 ioremap
0x00000000-0x00000000    8192 platform_init+0x2fc/0x35c phys=20120000 ioremap
0x00000000-0x00000000    8192 platform_init+0x2cc/0x35c phys=20030000 ioremap
0x00000000-0x00000000   69632 of_iomap+0x38/0x40 phys=11110000 ioremap
0x00000000-0x00000000  200704 mtk_afe_hdmi_probe+0x8c/0xd0 phys=9db40000 user
0x00000000-0x00000000   69632 AudDrv_Allocate_mem_Buffer+0x12c/0x158 phys=9db10000 user
0x00000000-0x00000000   69632 mtk_afe_mrgrx_awb_probe+0xbc/0xec phys=9db20000 user
0x00000000-0x00000000   69632 AudDrv_Allocate_mem_Buffer+0x12c/0x158 phys=9db30000 user
0x00000000-0x00000000    8192 platform_init+0x2b4/0x35c phys=23010000 ioremap
0x00000000-0x00000000    8192 osal_malloc+0x10/0x14 pages=1 vmalloc
0x00000000-0x00000000    8192 osal_malloc+0x10/0x14 pages=1 vmalloc
0x00000000-0x00000000   12288 stp_dbg_init+0x50/0x190 pages=2 vmalloc
0x00000000-0x00000000 9441280 disp_hal_allocate_framebuffer+0x30/0x178 phys=bf600000 ioremap
0x00000000-0x00000000 2461696 ion_heap_map_kernel+0xfc/0x14c vmap
0x00000000-0x00000000 2461696 ion_heap_map_kernel+0xfc/0x14c vmap
0x00000000-0x00000000    8192 mali_mem_os_get_table_page+0xbc/0x13c phys=8386d000 user
0x00000000-0x00000000    8192 osal_malloc+0x10/0x14 pages=1 vmalloc
0x00000000-0x00000000    8192 osal_malloc+0x10/0x14 pages=1 vmalloc
0x00000000-0x00000000    8192 osal_malloc+0x10/0x14 pages=1 vmalloc
0x00000000-0x00000000   36864 osal_malloc+0x10/0x14 pages=8 vmalloc
0x00000000-0x00000000    8192 osal_malloc+0x10/0x14 pages=1 vmalloc
0x00000000-0x00000000    8192 osal_malloc+0x10/0x14 pages=1 vmalloc
0x00000000-0x00000000 1855488 ccci_alloc_smem+0x108/0x494 phys=9f600000 ioremap
0x00000000-0x00000000    8192 mali_mem_os_get_table_page+0xbc/0x13c phys=9a230000 user
0x00000000-0x00000000    8192 mali_mem_os_get_table_page+0xbc/0x13c phys=895ed000 user
0x00000000-0x00000000    8192 mali_mem_os_get_table_page+0xbc/0x13c phys=89843000 user
0x00000000-0x00000000    8192 mali_mem_os_get_table_page+0xbc/0x13c phys=89a4b000 user
0x00000000-0x00000000    8192 mali_mem_os_get_table_page+0xbc/0x13c phys=83427000 user
0x00000000-0x00000000    8192 mali_mem_os_get_table_page+0xbc/0x13c phys=98ae0000 user
0x00000000-0x00000000    8192 mali_mem_os_get_table_page+0xbc/0x13c phys=821be000 user
0x00000000-0x00000000    8192 mali_mem_os_get_table_page+0xbc/0x13c phys=89b8a000 user
0x00000000-0x00000000    8192 mali_mem_os_get_table_page+0xbc/0x13c phys=821dc000 user
0x00000000-0x00000000    8192 mali_mem_os_get_table_page+0xbc/0x13c phys=8fb39000 user
0x00000000-0x00000000    8192 mali_mem_os_get_table_page+0xbc/0x13c phys=8c096000 user
0x00000000-0x00000000    8192 mali_mem_os_get_table_page+0xbc/0x13c phys=8c097000 user
0x00000000-0x00000000    8192 mali_mem_os_get_table_page+0xbc/0x13c phys=8c731000 user
0x00000000-0x00000000    8192 of_iomap+0x38/0x40 phys=18070000 ioremap
0x00000000-0x00000000  135168 binder_mmap+0xa4/0x264 ioremap
0x00000000-0x00000000  274432 osal_malloc+0x10/0x14 pages=66 vmalloc
0x00000000-0x00000000    8192 mali_mem_os_get_table_page+0xbc/0x13c phys=9c7c6000 user
0x00000000-0x00000000    8192 mali_mem_os_get_table_page+0xbc/0x13c phys=89a31000 user
0x00000000-0x00000000    8192 mali_mem_os_get_table_page+0xbc/0x13c phys=84ddc000 user
0x00000000-0x00000000    8192 mali_mem_os_get_table_page+0xbc/0x13c phys=837e4000 user
0x00000000-0x00000000 1044480 binder_mmap+0xa4/0x264 ioremap
0x00000000-0x00000000  397312 osal_malloc+0x10/0x14 pages=96 vmalloc
0x00000000-0x00000000  356352 mtk_wcn_consys_hw_init+0x158/0x318 phys=bf480000 ioremap
0x00000000-0x00000000    8192 mali_mem_os_get_table_page+0xbc/0x13c phys=885cd000 user
0x00000000-0x00000000    8192 mali_mem_os_get_table_page+0xbc/0x13c phys=8afe0000 user
0x00000000-0x00000000    8192 mali_mem_os_get_table_page+0xbc/0x13c phys=979f2000 user
0x00000000-0x00000000    8192 mali_mem_os_get_table_page+0xbc/0x13c phys=8a239000 user
0x00000000-0x00000000    8192 mali_mem_os_get_table_page+0xbc/0x13c phys=862aa000 user
0x00000000-0x00000000    8192 mali_mem_os_get_table_page+0xbc/0x13c phys=89922000 user
0x00000000-0x00000000    8192 mali_mem_os_get_table_page+0xbc/0x13c phys=89923000 user
0x00000000-0x00000000    8192 mali_mem_os_get_table_page+0xbc/0x13c phys=89926000 user
0x00000000-0x00000000    8192 mali_mem_os_get_table_page+0xbc/0x13c phys=89927000 user
0x00000000-0x00000000    8192 mali_mem_os_get_table_page+0xbc/0x13c phys=838dd000 user
0x00000000-0x00000000 1044480 binder_mmap+0xa4/0x264 ioremap
0x00000000-0x00000000 1044480 binder_mmap+0xa4/0x264 ioremap
0x00000000-0x00000000 1044480 binder_mmap+0xa4/0x264 ioremap
0x00000000-0x00000000 1003520 zram_meta_alloc+0x78/0x100 pages=244 vmalloc
0x00000000-0x00000000    8192 mali_mem_os_get_table_page+0xbc/0x13c phys=838b7000 user
0x00000000-0x00000000    8192 mali_mem_os_get_table_page+0xbc/0x13c phys=9899e000 user
0x00000000-0x00000000    8192 mali_mem_os_get_table_page+0xbc/0x13c phys=9c47c000 user
0x00000000-0x00000000    8192 mali_mem_os_get_table_page+0xbc/0x13c phys=898ed000 user
0x00000000-0x00000000    8192 mali_mem_os_get_table_page+0xbc/0x13c phys=98896000 user
0x00000000-0x00000000    8192 mali_mem_os_get_table_page+0xbc/0x13c phys=978c1000 user
0x00000000-0x00000000   12288 zs_cpu_notifier+0x54/0x9c ioremap
0x00000000-0x00000000  131072 SyS_swapon+0x4c8/0x9ec pages=31 vmalloc
0x00000000-0x00000000    8192 mali_mem_os_get_table_page+0xbc/0x13c phys=89550000 user
0x00000000-0x00000000    8192 mali_mem_os_get_table_page+0xbc/0x13c phys=9c749000 user
0x00000000-0x00000000    8192 mali_mem_os_get_table_page+0xbc/0x13c phys=8352b000 user
0x00000000-0x00000000    8192 mali_mem_os_get_table_page+0xbc/0x13c phys=835f9000 user
0x00000000-0x00000000    8192 mali_mem_os_get_table_page+0xbc/0x13c phys=835db000 user
0x00000000-0x00000000    8192 mali_mem_os_get_table_page+0xbc/0x13c phys=9cfd5000 user
0x00000000-0x00000000    8192 mali_mem_os_get_table_page+0xbc/0x13c phys=849bc000 user
0x00000000-0x00000000    8192 mali_mem_os_get_table_page+0xbc/0x13c phys=89b99000 user
0x00000000-0x00000000    8192 mali_mem_os_get_table_page+0xbc/0x13c phys=8483b000 user
0x00000000-0x00000000    8192 mali_mem_os_get_table_page+0xbc/0x13c phys=97a40000 user
0x00000000-0x00000000 1044480 binder_mmap+0xa4/0x264 ioremap
0x00000000-0x00000000 1044480 binder_mmap+0xa4/0x264 ioremap
0x00000000-0x00000000 1044480 binder_mmap+0xa4/0x264 ioremap
0x00000000-0x00000000 1044480 binder_mmap+0xa4/0x264 ioremap
0x00000000-0x00000000 1044480 binder_mmap+0xa4/0x264 ioremap
0x00000000-0x00000000    8192 osal_kmalloc+0x10/0x14 pages=1 vmalloc
0x00000000-0x00000000    8192 osal_kmalloc+0x10/0x14 pages=1 vmalloc
0x00000000-0x00000000 1044480 binder_mmap+0xa4/0x264 ioremap
0x00000000-0x00000000    8192 mali_mem_os_get_table_page+0xbc/0x13c phys=881fa000 user
0x00000000-0x00000000    8192 mali_mem_os_get_table_page+0xbc/0x13c phys=88e9c000 user
0x00000000-0x00000000    8192 mali_mem_os_get_table_page+0xbc/0x13c phys=9a2c3000 user
0x00000000-0x00000000    8192 mali_mem_os_get_table_page+0xbc/0x13c phys=84de0000 user
0x00000000-0x00000000    8192 mali_mem_os_get_table_page+0xbc/0x13c phys=9cb2d000 user
0x00000000-0x00000000    8192 mali_mem_os_get_table_page+0xbc/0x13c phys=9cb31000 user
0x00000000-0x00000000    8192 mali_mem_os_get_table_page+0xbc/0x13c phys=9c423000 user
0x00000000-0x00000000    8192 mali_mem_os_get_table_page+0xbc/0x13c phys=9c424000 user
0x00000000-0x00000000    8192 mali_mem_os_get_table_page+0xbc/0x13c phys=8499e000 user
0x00000000-0x00000000    8192 mali_mem_os_get_table_page+0xbc/0x13c phys=979a4000 user
0x00000000-0x00000000 1044480 binder_mmap+0xa4/0x264 ioremap
0x00000000-0x00000000 1044480 binder_mmap+0xa4/0x264 ioremap
0x00000000-0x00000000 1044480 binder_mmap+0xa4/0x264 ioremap
0x00000000-0x00000000 1044480 binder_mmap+0xa4/0x264 ioremap
0x00000000-0x00000000    8192 mali_mem_os_get_table_page+0xbc/0x13c phys=9cb68000 user
0x00000000-0x00000000    8192 mali_mem_os_get_table_page+0xbc/0x13c phys=9cb6a000 user
0x00000000-0x00000000    8192 mali_mem_os_get_table_page+0xbc/0x13c phys=9cab9000 user
0x00000000-0x00000000    8192 mali_mem_os_get_table_page+0xbc/0x13c phys=9c8b4000 user
0x00000000-0x00000000    8192 mali_mem_os_get_table_page+0xbc/0x13c phys=989bf000 user
0x00000000-0x00000000    8192 mali_mem_os_get_table_page+0xbc/0x13c phys=89686000 user
0x00000000-0x00000000 1044480 binder_mmap+0xa4/0x264 ioremap
0x00000000-0x00000000 1044480 binder_mmap+0xa4/0x264 ioremap
0x00000000-0x00000000 1044480 binder_mmap+0xa4/0x264 ioremap
0x00000000-0x00000000    8192 mali_mem_os_get_table_page+0xbc/0x13c phys=9c6f5000 user
0x00000000-0x00000000    8192 mali_mem_os_get_table_page+0xbc/0x13c phys=9c7ab000 user
0x00000000-0x00000000    8192 mali_mem_os_get_table_page+0xbc/0x13c phys=8d85b000 user
0x00000000-0x00000000    8192 mali_mem_os_get_table_page+0xbc/0x13c phys=8d97f000 user
0x00000000-0x00000000    8192 mali_mem_os_get_table_page+0xbc/0x13c phys=8d4dc000 user
0x00000000-0x00000000    8192 mali_mem_os_get_table_page+0xbc/0x13c phys=8d7c3000 user
0x00000000-0x00000000 1044480 binder_mmap+0xa4/0x264 ioremap
0x00000000-0x00000000 1044480 binder_mmap+0xa4/0x264 ioremap
0x00000000-0x00000000   16384 xt_alloc_table_info+0xc0/0xf4 pages=3 vmalloc
0x00000000-0x00000000   16384 xt_alloc_table_info+0xc0/0xf4 pages=3 vmalloc
0x00000000-0x00000000   16384 xt_alloc_table_info+0xc0/0xf4 pages=3 vmalloc
0x00000000-0x00000000   16384 xt_alloc_table_info+0xc0/0xf4 pages=3 vmalloc
0x00000000-0x00000000   16384 xt_alloc_table_info+0xc0/0xf4 pages=3 vmalloc
0x00000000-0x00000000   16384 xt_alloc_table_info+0xc0/0xf4 pages=3 vmalloc
0x00000000-0x00000000   16384 xt_alloc_table_info+0xc0/0xf4 pages=3 vmalloc
0x00000000-0x00000000   16384 xt_alloc_table_info+0xc0/0xf4 pages=3 vmalloc
0x00000000-0x00000000   12288 xt_alloc_table_info+0xc0/0xf4 pages=2 vmalloc
0x00000000-0x00000000   12288 xt_alloc_table_info+0xc0/0xf4 pages=2 vmalloc
0x00000000-0x00000000   12288 xt_alloc_table_info+0xc0/0xf4 pages=2 vmalloc
0x00000000-0x00000000   12288 xt_alloc_table_info+0xc0/0xf4 pages=2 vmalloc
0x00000000-0x00000000 1044480 binder_mmap+0xa4/0x264 ioremap
0x00000000-0x00000000 1044480 binder_mmap+0xa4/0x264 ioremap
0x00000000-0x00000000 1044480 binder_mmap+0xa4/0x264 ioremap
0x00000000-0x00000000 1044480 binder_mmap+0xa4/0x264 ioremap
0x00000000-0x00000000 1044480 binder_mmap+0xa4/0x264 ioremap
0x00000000-0x00000000 1044480 binder_mmap+0xa4/0x264 ioremap
0x00000000-0x00000000 1044480 binder_mmap+0xa4/0x264 ioremap
0x00000000-0x00000000 1044480 binder_mmap+0xa4/0x264 ioremap
0x00000000-0x00000000    8192 ion_sys_ioctl.isra.3+0x588/0x5f0 vmalloc
0x00000000-0x00000000 1044480 binder_mmap+0xa4/0x264 ioremap
0x00000000-0x00000000 1044480 binder_mmap+0xa4/0x264 ioremap
0x00000000-0x00000000 1048576 vm_map_ram
0x00000000-0x00000000 1044480 binder_mmap+0xa4/0x264 ioremap
0x00000000-0x00000000 1044480 binder_mmap+0xa4/0x264 ioremap
0x00000000-0x00000000   12288 pcpu_mem_zalloc+0x3c/0x78 pages=2 vmalloc
0x00000000-0x00000000 1044480 binder_mmap+0xa4/0x264 ioremap
0x00000000-0x00000000    8192 mali_mem_os_get_table_page+0xbc/0x13c phys=829d4000 user
0x00000000-0x00000000    8192 mali_mem_os_get_table_page+0xbc/0x13c phys=829d5000 user
0x00000000-0x00000000    8192 mali_mem_os_get_table_page+0xbc/0x13c phys=829d7000 user
0x00000000-0x00000000    8192 mali_mem_os_get_table_page+0xbc/0x13c phys=8d34c000 user
0x00000000-0x00000000    8192 mali_mem_os_get_table_page+0xbc/0x13c phys=88f44000 user
0x00000000-0x00000000    8192 mali_mem_os_get_table_page+0xbc/0x13c phys=88f42000 user
0x00000000-0x00000000 1048576 vm_map_ram
0x00000000-0x00000000 1044480 binder_mmap+0xa4/0x264 ioremap
0x00000000-0x00000000 1044480 binder_mmap+0xa4/0x264 ioremap
0x00000000-0x00000000 1044480 binder_mmap+0xa4/0x264 ioremap
0x00000000-0x00000000    8192 mali_mem_os_get_table_page+0xbc/0x13c phys=8950d000 user
0x00000000-0x00000000 1048576 vm_map_ram
0x00000000-0x00000000 1048576 vm_map_ram
0x00000000-0x00000000 1044480 binder_mmap+0xa4/0x264 ioremap
0x00000000-0x00000000 1044480 binder_mmap+0xa4/0x264 ioremap
0x00000000-0x00000000 1044480 binder_mmap+0xa4/0x264 ioremap
0x00000000-0x00000000   77824 iotable_init+0x0/0xbc phys=10000000 ioremap
0x00000000-0x00000000 1048576 iotable_init+0x0/0xbc phys=10100000 ioremap
0x00000000-0x00000000  106496 iotable_init+0x0/0xbc phys=10200000 ioremap
0x00000000-0x00000000   32768 iotable_init+0x0/0xbc phys=10220000 ioremap
0x00000000-0x00000000   65536 iotable_init+0x0/0xbc phys=10390000 ioremap
0x00000000-0x00000000    4096 iotable_init+0x0/0xbc phys=1100d000 ioremap
0x00000000-0x00000000    4096 iotable_init+0x0/0xbc phys=1100e000 ioremap
0x00000000-0x00000000  196608 iotable_init+0x0/0xbc phys=100000 ioremap
0x00000000-0x00000000  131072 pcpu_get_vm_areas+0x0/0x5e8 vmalloc

------ SLAB INFO (/proc/slabinfo) ------
*** /proc/slabinfo: No such file or directory

------ ZONEINFO (/proc/zoneinfo) ------
Node 0, zone   Normal
  pages free     12732
        min      686
        low      3428
        high     3600
        scanned  0
        spanned  131072
        present  124928
        managed  117984
    nr_free_pages 12732
    nr_inactive_anon 16297
    nr_active_anon 12106
    nr_inactive_file 22834
    nr_active_file 16111
    nr_unevictable 0
    nr_mlock     0
    nr_anon_pages 28377
    nr_mapped    15319
    nr_file_pages 39113
    nr_dirty     3
    nr_writeback 0
    nr_slab_reclaimable 4520
    nr_slab_unreclaimable 4700
    nr_page_table_pages 3705
    nr_kernel_stack 942
    nr_unstable  0
    nr_bounce    0
    nr_vmscan_write 1
    nr_vmscan_immediate_reclaim 1
    nr_writeback_temp 0
    nr_isolated_anon 0
    nr_isolated_file 0
    nr_shmem     4
    nr_dirtied   133970
    nr_written   133915
    nr_anon_transparent_hugepages 0
    nr_free_cma  0
        protection: (0, 4000, 4000)
  pagesets
    cpu: 0
              count: 112
              high:  186
              batch: 31
  vm stats threshold: 12
    cpu: 1
              count: 73
              high:  186
              batch: 31
  vm stats threshold: 12
  all_unreclaimable: 0
  start_pfn:         524288
  inactive_ratio:    1
Node 0, zone  HighMem
  pages free     4883
        min      125
        low      3101
        high     3287
        scanned  0
        spanned  128512
        present  128000
        managed  128000
    nr_free_pages 4883
    nr_inactive_anon 21797
    nr_active_anon 23038
    nr_inactive_file 17482
    nr_active_file 25709
    nr_unevictable 351
    nr_mlock     0
    nr_anon_pages 44682
    nr_mapped    25482
    nr_file_pages 43908
    nr_dirty     1
    nr_writeback 0
    nr_slab_reclaimable 0
    nr_slab_unreclaimable 0
    nr_page_table_pages 0
    nr_kernel_stack 0
    nr_unstable  0
    nr_bounce    0
    nr_vmscan_write 9116
    nr_vmscan_immediate_reclaim 0
    nr_writeback_temp 0
    nr_isolated_anon 0
    nr_isolated_file 0
    nr_shmem     64
    nr_dirtied   131603
    nr_written   140427
    nr_anon_transparent_hugepages 0
    nr_free_cma  0
        protection: (0, 0, 0)
  pagesets
    cpu: 0
              count: 50
              high:  186
              batch: 31
  vm stats threshold: 12
    cpu: 1
              count: 168
              high:  186
              batch: 31
  vm stats threshold: 12
  all_unreclaimable: 0
  start_pfn:         655360
  inactive_ratio:    1

------ PAGETYPEINFO (/proc/pagetypeinfo) ------
Page block order: 10
Pages per block:  1024

Free pages count per migrate type at order       0      1      2      3      4      5      6      7      8      9     10 
Node    0, zone   Normal, type    Unmovable    336    558    103     48      3      1      0      0      0      0      0 
Node    0, zone   Normal, type  Reclaimable      0     15      8      3      2      0      0      0      0      0      0 
Node    0, zone   Normal, type      Movable   1586    626    532    252    148      0      0      0      0      0      0 
Node    0, zone   Normal, type      Reserve      0      0      1      1      2      0      2      0      1      1      0 
Node    0, zone  HighMem, type    Unmovable      0      0      1      6      1      1      0      0      0      0      0 
Node    0, zone  HighMem, type  Reclaimable      0      0      0      0      0      0      0      0      0      0      0 
Node    0, zone  HighMem, type      Movable    750    984    510      4      0      0      0      0      0      0      0 
Node    0, zone  HighMem, type      Reserve      0      0      0      0      0      0      0      0      0      0      0 

Number of blocks type     Unmovable  Reclaimable      Movable      Reserve 
Node 0, zone   Normal           29            4           88            1 
Node 0, zone  HighMem            8            0          116            1 

------ BUDDYINFO (/proc/buddyinfo) ------
Node 0, zone   Normal   1922   1199    644    304    155      1      2      0      1      1      0 
Node 0, zone  HighMem    750    984    511     10      1      1      0      0      0      0      0 

------ FRAGMENTATION INFO (/d/extfrag/unusable_index: 1970-01-01 01:00:00) ------
Node 0, zone   Normal 0.000 0.150 0.339 0.541 0.732 0.927 0.929 0.939 0.939 0.959 1.000 
Node 0, zone  HighMem 0.000 0.153 0.555 0.973 0.990 0.993 1.000 1.000 1.000 1.000 1.000 

------ KERNEL WAKELOCKS (/proc/wakelocks) ------
*** /proc/wakelocks: No such file or directory

------ KERNEL WAKE SOURCES (/d/wakeup_sources: 1970-01-01 01:00:00) ------
name		active_count	event_count	wakeup_count	expire_count	active_since	total_time	max_time	last_change	prevent_suspend_time
ApmOutput   	7		7		0		0		0		3		0		10044612		0
ApmAudio    	15		15		0		0		0		1		0		10013978		0
NETLINK     	322		322		0		0		0		255		3		10160188		0
[timerfd]   	0		0		0		0		0		0		0		9700371		0
binder      	4		4		0		0		0		0		0		10080800		0
eventpoll   	326		326		0		0		0		1		0		10160188		0
PowerManagerService.WakeLocks	219		219		25		0		0		103216		27568		10112053		62025
KeyEvents   	6894		6894		2		0		0		2210		270		10156090		69
wmtFuncCtrl 	24		24		0		0		0		8411		1040		6463851		0
MT662x      	47		47		0		0		0		52037		5028		6463850		0
read_data_wake_lock	0		0		0		0		0		0		0		8598		0
ccci1_net_v2	0		0		0		0		0		0		0		457		0
ccci1_fs    	10		1645		0		10		0		12588		3947		420290		0
ccci_ipc1   	21		42		0		21		0		10417		500		60930		0
ccci_modem1 	2151		10304		4		2151		0		1091510		1622		10165750		860341
ccci_meta1  	0		0		0		0		0		0		0		455		0
ccci1_chr_mdlog	0		0		0		0		0		0		0		455		0
ccci1_chr   	1		4		0		1		0		504		504		23690		0
ccci1_trm   	0		0		0		0		0		0		0		453		0
ccci1_logic 	0		0		0		0		0		0		0		453		0
battery     	1149		1149		0		0		0		576		63		10160185		302
wireless    	1149		1149		0		0		0		2462		63		10160184		2025
usb         	1149		1149		0		0		0		450		61		10160184		210
ac          	1149		1149		0		0		0		2468		62		10160184		2034
battery suspend wakelock	5		1138		0		0		3927958		10037135		3927958		6238661		8617437
battery fg wakelock	0		0		0		0		0		0		0		408		0
USB suspend lock	3		3		0		0		3927339		9782675		3927339		6239280		8530680
spi_wakelock	0		0		0		0		0		0		0		382		0
mmc1_detect 	99		99		2		0		0		265		144		5978467		121
mmc0_detect 	99		100		2		1		0		691		679		5978466		11
leds wakelock	0		0		0		0		0		0		0		275		0
kpd wakelock	0		0		0		0		0		0		0		272		0
accdet timer wakelock	0		0		0		0		0		0		0		268		0
accdet key wakelock	0		0		0		0		0		0		0		268		0
accdet irq wakelock	1		1		0		0		0		0		0		268		0
accdet wakelock	0		0		0		0		0		0		0		268		0
mt-rtc      	66		66		0		0		0		75		1		6912115		75
isp_lock_wakelock	0		0		0		0		0		0		0		214		0
alarm       	241		254		10		0		0		3381		1195		9672462		2998
alarmtimer  	2		2		2		2		0		3981		1990		5975030		3981
pmicAuxadc irq wakelock	53356		53415		8		0		0		253990		60		10162220		203515
bat_percent_notify_lock wakelock	1015		1015		4		0		0		43		0		10160352		35
pmicThread_lock_mt6328 wakelock	105		105		0		0		0		2932		636		6912115		103
spm_wakelock	0		0		0		0		0		0		0		80		0
EINT wakelock	317		6608		0		317		0		244120		5238		6912610		33154
sys_sync    	12		12		0		0		0		174		78		6463828		0
autosleep   	23		23		0		0		0		0		0		6464118		0

------ KERNEL CPUFREQ (/sys/devices/system/cpu/cpu0/cpufreq/stats/time_in_state) ------
1300000 59456
1209000 141
1105000 247
1001000 869184
903500 24207
754000 1431
604500 61137

------ KERNEL SYNC (/d/sync: 1970-01-01 01:00:00) ------
fences:
--------------

------ KERNEL BLUEDROID (/d/bluedroid) ------
*** /d/bluedroid: No such file or directory

------ PROCESSES (ps -P) ------
USER     PID   PPID  VSIZE  RSS    PCY  WCHAN    PC        NAME
root      1     0     960    552   fg  ffffffff 00000000 S /init
root      2     0     0      0     fg  ffffffff 00000000 S kthreadd
root      3     2     0      0     fg  ffffffff 00000000 S ksoftirqd/0
root      5     2     0      0     fg  ffffffff 00000000 S kworker/0:0H
root      7     2     0      0     fg  ffffffff 00000000 S migration/0
root      8     2     0      0     fg  ffffffff 00000000 S rcu_preempt
root      9     2     0      0     fg  ffffffff 00000000 S rcu_bh
root      10    2     0      0     fg  ffffffff 00000000 S rcu_sched
root      11    2     0      0     fg  ffffffff 00000000 S migration/1
root      12    2     0      0     fg  ffffffff 00000000 S ksoftirqd/1
root      14    2     0      0     fg  ffffffff 00000000 S kworker/1:0H
root      15    2     0      0     fg  ffffffff 00000000 R migration/2
root      16    2     0      0     fg  ffffffff 00000000 R ksoftirqd/2
root      18    2     0      0     fg  ffffffff 00000000 S kworker/2:0H
root      19    2     0      0     fg  ffffffff 00000000 R migration/3
root      20    2     0      0     fg  ffffffff 00000000 R ksoftirqd/3
root      21    2     0      0     fg  ffffffff 00000000 S kworker/3:0
root      22    2     0      0     fg  ffffffff 00000000 S kworker/3:0H
root      23    2     0      0     fg  ffffffff 00000000 S khelper
root      24    2     0      0     fg  ffffffff 00000000 S fs_sync
root      25    2     0      0     fg  ffffffff 00000000 S suspend
root      26    2     0      0     fg  ffffffff 00000000 S writeback
root      27    2     0      0     fg  ffffffff 00000000 S bioset
root      28    2     0      0     fg  ffffffff 00000000 S crypto
root      29    2     0      0     fg  ffffffff 00000000 S kblockd
root      30    2     0      0     fg  ffffffff 00000000 S cmdq_auto_relea
root      31    2     0      0     fg  ffffffff 00000000 S cmdq_auto_relea
root      32    2     0      0     fg  ffffffff 00000000 S cmdq_auto_relea
root      33    2     0      0     fg  ffffffff 00000000 S cmdq_auto_relea
root      34    2     0      0     fg  ffffffff 00000000 S cmdq_auto_relea
root      35    2     0      0     fg  ffffffff 00000000 S cmdq_auto_relea
root      36    2     0      0     fg  ffffffff 00000000 S cmdq_auto_relea
root      37    2     0      0     fg  ffffffff 00000000 S cmdq_auto_relea
root      38    2     0      0     fg  ffffffff 00000000 S cmdq_auto_relea
root      39    2     0      0     fg  ffffffff 00000000 S cmdq_auto_relea
root      40    2     0      0     fg  ffffffff 00000000 S cmdq_auto_relea
root      41    2     0      0     fg  ffffffff 00000000 S cmdq_auto_relea
root      42    2     0      0     fg  ffffffff 00000000 S cmdq_auto_relea
root      43    2     0      0     fg  ffffffff 00000000 S cmdq_auto_relea
root      44    2     0      0     fg  ffffffff 00000000 S cmdq_auto_relea
root      45    2     0      0     fg  ffffffff 00000000 S cmdq_auto_relea
root      46    2     0      0     fg  ffffffff 00000000 S cmdq_auto_relea
root      47    2     0      0     fg  ffffffff 00000000 S cmdq_task
root      48    2     0      0     fg  ffffffff 00000000 S khubd
root      50    2     0      0     fg  ffffffff 00000000 S cfg80211
root      51    2     0      0     fg  ffffffff 00000000 S pmic_thread
root      52    2     0      0     fg  ffffffff 00000000 S bat_percent_not
root      53    2     0      0     fg  ffffffff 00000000 S cfinteractive
root      64    2     0      0     fg  ffffffff 00000000 S kswapd0
root      65    2     0      0     fg  ffffffff 00000000 S fsnotify_mark
root      84    2     0      0     fg  ffffffff 00000000 S ion_mm_heap
root      85    2     0      0     fg  ffffffff 00000000 D hps_main
root      86    2     0      0     fg  ffffffff 00000000 S mt_gpufreq_inpu
root      87    2     0      0     fg  ffffffff 00000000 D hang_detect
root      88    2     0      0     fg  ffffffff 00000000 S emi_mpu
root      89    2     0      0     fg  ffffffff 00000000 S conn-md-thread
root      90    2     0      0     fg  ffffffff 00000000 D ddp_irq_log_kth
root      91    2     0      0     fg  ffffffff 00000000 D display_esd_che
root      93    2     0      0     fg  ffffffff 00000000 S display_recover
root      94    2     0      0     fg  ffffffff 00000000 S decouple_update
root      95    2     0      0     fg  ffffffff 00000000 D decouple_trigge
root      96    2     0      0     fg  ffffffff 00000000 S display_check_a
root      97    2     0      0     fg  ffffffff 00000000 S present_fence_w
root      98    2     0      0     fg  ffffffff 00000000 S frame_update_wo
root      99    2     0      0     fg  ffffffff 00000000 D disp_idlemgr
root      100   2     0      0     fg  ffffffff 00000000 S ion_fb_heap
root      101   2     0      0     fg  ffffffff 00000000 S accdet
root      102   2     0      0     fg  ffffffff 00000000 S accdet_disable
root      104   2     0      0     fg  ffffffff 00000000 S accdet_eint
root      107   2     0      0     fg  ffffffff 00000000 S mtk_vibrator
root      108   2     0      0     fg  ffffffff 00000000 S btif_rxd
root      109   2     0      0     fg  ffffffff 00000000 S uether
root      110   2     0      0     fg  ffffffff 00000000 S uether_rx1
root      111   2     0      0     fg  ffffffff 00000000 D bat_thread_kthr
root      112   2     0      0     fg  ffffffff 00000000 S mtk charger_hv_
root      113   2     0      0     fg  ffffffff 00000000 S binder
root      118   2     0      0     fg  ffffffff 00000000 S mmcqd/0
root      119   2     0      0     fg  ffffffff 00000000 S mmcqd/0boot0
root      120   2     0      0     fg  ffffffff 00000000 S mmcqd/0boot1
root      121   2     0      0     fg  ffffffff 00000000 S mmcqd/0rpmb
root      122   2     0      0     fg  ffffffff 00000000 S mtk-tpd
root      123   2     0      0     fg  ffffffff 00000000 S gsl_monitor_wor
root      124   2     0      0     fg  ffffffff 00000000 S deferwq
root      125   2     0      0     fg  ffffffff 00000000 S PTP_CTRL_MCUSYS
root      127   2     0      0     fg  ffffffff 00000000 D wdtk-0
root      128   2     0      0     fg  ffffffff 00000000 D wdtk-1
root      129   2     0      0     fg  ffffffff 00000000 D wdtk-2
root      130   2     0      0     fg  ffffffff 00000000 D wdtk-3
root      131   2     0      0     fg  ffffffff 00000000 S sensor_polling
root      132   2     0      0     fg  ffffffff 00000000 S f_mtp
root      133   2     0      0     fg  ffffffff 00000000 S file-storage
root      134   1     816    332   fg  ffffffff 00000000 S /sbin/ueventd
root      136   2     0      0     fg  ffffffff 00000000 S kworker/1:1H
root      137   2     0      0     fg  ffffffff 00000000 S kworker/0:1H
root      138   2     0      0     fg  ffffffff 00000000 S jbd2/mmcblk0p19
root      139   2     0      0     fg  ffffffff 00000000 S ext4-dio-unwrit
root      141   2     0      0     fg  ffffffff 00000000 S kworker/3:1H
root      145   2     0      0     fg  ffffffff 00000000 S kworker/2:1H
root      146   2     0      0     fg  ffffffff 00000000 S jbd2/mmcblk0p21
root      147   2     0      0     fg  ffffffff 00000000 S ext4-dio-unwrit
root      151   2     0      0     fg  ffffffff 00000000 S jbd2/mmcblk0p20
root      152   2     0      0     fg  ffffffff 00000000 S ext4-dio-unwrit
root      158   2     0      0     fg  ffffffff 00000000 S jbd2/mmcblk0p4-
root      159   2     0      0     fg  ffffffff 00000000 S ext4-dio-unwrit
root      165   2     0      0     fg  ffffffff 00000000 S jbd2/mmcblk0p5-
root      166   2     0      0     fg  ffffffff 00000000 S ext4-dio-unwrit
root      172   2     0      0     fg  ffffffff 00000000 S jbd2/mmcblk0p14
root      173   2     0      0     fg  ffffffff 00000000 S ext4-dio-unwrit
root      195   2     0      0     fg  ffffffff 00000000 S loop0
logd      197   1     6520   708   fg  ffffffff 00000000 S /system/bin/logd
root      199   1     2744   940   fg  ffffffff 00000000 S /system/bin/lmkd
system    200   1     1324   524   fg  ffffffff 00000000 S /system/bin/servicemanager
root      201   1     6288   1212  fg  ffffffff 00000000 S /system/bin/vold
system    202   1     154360 5320  fg  ffffffff 00000000 S /system/bin/surfaceflinger
system    204   1     1444   584   fg  ffffffff 00000000 S /system/bin/autokd
system    207   1     1040   428   fg  ffffffff 00000000 S /system/bin/6620_launcher
radio     209   1     1508   500   fg  ffffffff 00000000 S /system/bin/ccci_fsd
system    211   1     2568   744   fg  ffffffff 00000000 S /system/bin/ccci_mdinit
root      213   2     0      0     fg  ffffffff 00000000 S mtk_stp_psm
root      216   2     0      0     fg  ffffffff 00000000 S mtk_stp_btm
root      218   1     10868  768   fg  ffffffff 00000000 S /system/bin/netd
root      219   1     2724   900   fg  ffffffff 00000000 S /system/bin/debuggerd
media     221   1     97256  19852 fg  ffffffff 00000000 S /system/bin/mediaserver
install   222   1     1192   444   fg  ffffffff 00000000 S /system/bin/installd
keystore  223   1     4628   1312  fg  ffffffff 00000000 S /system/bin/keystore
shell     224   1     3304   716   fg  ffffffff 00000000 S /system/bin/mobile_log_d
root      225   2     0      0     fg  ffffffff 00000000 S mtk_wmtd
shell     226   1     3252   472   fg  ffffffff 00000000 S /system/bin/netdiag
system    229   1     4696   968   fg  ffffffff 00000000 S /system/bin/dm_agent_binder
root      230   2     0      0     fg  ffffffff 00000000 S fm_timer_wq
system    231   1     4608   912   fg  ffffffff 00000000 S /system/bin/ppl_agent
gps       233   1     38212  832   fg  ffffffff 00000000 S /system/bin/mtk_agpsd
root      234   2     0      0     fg  ffffffff 00000000 S fm_eint_wq
wifi      235   1     1104   200   fg  ffffffff 00000000 S /system/bin/wifi2agps
root      252   2     0      0     fg  ffffffff 00000000 S kauditd
gps       294   1     3740   384   fg  ffffffff 00000000 S /system/xbin/mnld
system    295   1     4608   852   fg  ffffffff 00000000 S /system/bin/GoogleOtaBinder
system    304   1     4548   852   fg  ffffffff 00000000 S /system/bin/nvram_agent_binder
system    306   1     3120   460   fg  ffffffff 00000000 S /system/bin/thermal
system    307   1     2332   732   fg  ffffffff 00000000 S /system/bin/thermald
shell     308   1     2328   812   fg  c004e5f8 b6eef724 S /system/bin/batterywarning
system    309   1     4552   920   fg  ffffffff 00000000 S /system/bin/MtkCodecService
system    310   1     6248   1708  fg  ffffffff 00000000 S /system/bin/guiext-server
root      312   1     947084 39840 fg  ffffffff 00000000 S zygote
bluetooth 316   1     15636  2608  fg  ffffffff 00000000 S /system/bin/mtkbt
system    318   1     26540  4560  fg  ffffffff 00000000 S /system/bin/program_binary_service
media_rw  319   1     3688   552   fg  ffffffff 00000000 S /system/bin/sdcard
system    369   1     34280  5076  fg  ffffffff 00000000 S /system/bin/em_svr
shell     655   1     3428   672   fg  ffffffff b6ed8540 S /system/bin/mdlogger
radio     656   1     15492  504   fg  ffffffff 00000000 S /system/bin/gsm0710muxd
radio     683   1     30872  1284  fg  ffffffff 00000000 S /system/bin/mtkrild
system    731   312   1107472 83680 fg  ffffffff 00000000 S system_server
u0_a6     1101  312   972540 35392 bg  ffffffff 00000000 S android.process.media
u0_a21    1343  312   990432 32420 fg  ffffffff 00000000 S com.google.android.googlequicksearchbox:interactor
u0_a52    1392  312   978132 35552 bg  ffffffff 00000000 S com.google.android.inputmethod.latin
bluetooth 1413  312   958964 30288 fg  ffffffff 00000000 S com.mediatek.bluetooth
u0_a62    1431  312   957848 28172 fg  ffffffff 00000000 S com.mediatek.nlpservice
u0_a76    1449  312   1035652 60804 fg  ffffffff 00000000 S com.mediatek.voicecommand
radio     1467  312   995628 42444 fg  ffffffff 00000000 S com.android.phone
u0_a13    1485  312   1065592 55488 fg  ffffffff 00000000 S com.android.launcher3
u0_a9     1608  312   1297620 108424 bg  ffffffff 00000000 S com.google.android.gms
u0_a9     1784  312   1156736 108984 fg  ffffffff 00000000 S com.google.android.gms.persistent
u0_a15    1937  312   973428 31184 bg  ffffffff 00000000 S com.android.mms
system    2267  312   955724 27440 bg  ffffffff 00000000 S com.android.upServices
system    2723  312   958272 28880 bg  ffffffff 00000000 S org.simalliance.openmobileapi.service:remote
u0_a37    3091  312   959400 29988 bg  ffffffff 00000000 S com.android.deskclock
u0_a9     3355  312   1135816 62964 bg  ffffffff 00000000 S com.google.android.gms.unstable
system    3911  312   997612 54820 bg  ffffffff 00000000 S com.android.settings
root      4247  2     0      0     fg  ffffffff 00000000 S kworker/2:1
root      4403  2     0      0     fg  ffffffff 00000000 S fs_suspend_syss
u0_a9     4427  312   964352 32484 bg  ffffffff 00000000 S com.google.process.gapps
root      5208  2     0      0     fg  ffffffff 00000000 S kworker/u8:3
root      5210  2     0      0     fg  ffffffff 00000000 S kworker/2:0
root      5475  2     0      0     fg  ffffffff 00000000 S kworker/u8:9
root      5613  2     0      0     fg  ffffffff 00000000 S kworker/u8:10
root      5614  2     0      0     fg  ffffffff 00000000 S kworker/u9:0
root      5795  2     0      0     fg  ffffffff 00000000 S kworker/3:1
shell     5855  1     4764   428   fg  ffffffff 00000000 R /sbin/adbd
root      5928  2     0      0     fg  ffffffff 00000000 S kworker/u9:2
u0_a70    6669  312   963696 28144 bg  ffffffff 00000000 S com.android.printspooler
root      7073  2     0      0     fg  ffffffff 00000000 S kworker/1:1
root      7797  2     0      0     fg  ffffffff 00000000 S kworker/1:0
root      8399  2     0      0     fg  ffffffff 00000000 S kworker/0:1
shell     8432  5855  2600   1052  fg  c004e5f8 b6f73724 S top
shell     8620  5855  2600   1052  fg  c004e5f8 b6f39724 S top
root      8839  2     0      0     fg  ffffffff 00000000 S kworker/1:2
u0_a21    8876  312   989512 34768 bg  ffffffff 00000000 S com.google.android.googlequicksearchbox
u0_a19    8922  312   1033092 70872 bg  ffffffff 00000000 S com.android.systemui
u0_a21    8944  312   993888 37980 bg  ffffffff 00000000 S com.google.android.googlequicksearchbox:search
u0_a12    8994  312   957348 28076 bg  ffffffff 00000000 S com.google.android.partnersetup
drm       9041  1     40188  11500 fg  ffffffff 00000000 S /system/bin/drmserver
u0_a3     9083  312   965488 35332 bg  ffffffff 00000000 S android.process.acore
u0_a50    9262  312   1146016 57484 bg  ffffffff 00000000 S com.google.android.talk
root      9377  2     0      0     fg  ffffffff 00000000 S kworker/2:2
root      9924  1     1588   176   fg  ffffffff 00000000 S /sbin/healthd
root      9925  2     0      0     fg  ffffffff 00000000 S kworker/0:0
root      10711 2     0      0     fg  ffffffff 00000000 S kworker/u8:0
shell     11003 5855  2592   1044  fg  c004e5f8 b6eb4724 S top
shell     11148 5855  1016   360   fg  c081ac54 b6fbc618 S bugreport
shell     11149 1     1288   744   fg  ffffffff 00000000 S /system/bin/dumpstate
shell     11157 11149 2508   952   fg  00000000 b6f50618 R ps
[ps: 0.101s elapsed]

------ PROCESSES AND THREADS (ps -t -p -P) ------
USER     PID   PPID  VSIZE  RSS   PRIO  NICE  RTPRI SCHED  PCY  WCHAN    PC        NAME
root      1     0     960    552   20    0     0     0     fg  ffffffff 00000000 S /init
root      2     0     0      0     20    0     0     0     fg  ffffffff 00000000 S kthreadd
root      3     2     0      0     20    0     0     0     fg  ffffffff 00000000 S ksoftirqd/0
root      5     2     0      0     0     -20   0     0     fg  ffffffff 00000000 S kworker/0:0H
root      7     2     0      0     -99   0     98    1     fg  ffffffff 00000000 S migration/0
root      8     2     0      0     20    0     0     0     fg  ffffffff 00000000 S rcu_preempt
root      9     2     0      0     20    0     0     0     fg  ffffffff 00000000 S rcu_bh
root      10    2     0      0     20    0     0     0     fg  ffffffff 00000000 S rcu_sched
root      11    2     0      0     -99   0     98    1     fg  ffffffff 00000000 S migration/1
root      12    2     0      0     20    0     0     0     fg  ffffffff 00000000 S ksoftirqd/1
root      14    2     0      0     0     -20   0     0     fg  ffffffff 00000000 S kworker/1:0H
root      15    2     0      0     -99   0     98    1     fg  ffffffff 00000000 R migration/2
root      16    2     0      0     20    0     0     0     fg  ffffffff 00000000 R ksoftirqd/2
root      18    2     0      0     0     -20   0     0     fg  ffffffff 00000000 S kworker/2:0H
root      19    2     0      0     -99   0     98    1     fg  ffffffff 00000000 R migration/3
root      20    2     0      0     20    0     0     0     fg  ffffffff 00000000 R ksoftirqd/3
root      21    2     0      0     20    0     0     0     fg  ffffffff 00000000 S kworker/3:0
root      22    2     0      0     0     -20   0     0     fg  ffffffff 00000000 S kworker/3:0H
root      23    2     0      0     0     -20   0     0     fg  ffffffff 00000000 S khelper
root      24    2     0      0     0     -20   0     0     fg  ffffffff 00000000 S fs_sync
root      25    2     0      0     0     -20   0     0     fg  ffffffff 00000000 S suspend
root      26    2     0      0     0     -20   0     0     fg  ffffffff 00000000 S writeback
root      27    2     0      0     0     -20   0     0     fg  ffffffff 00000000 S bioset
root      28    2     0      0     0     -20   0     0     fg  ffffffff 00000000 S crypto
root      29    2     0      0     0     -20   0     0     fg  ffffffff 00000000 S kblockd
root      30    2     0      0     0     -20   0     0     fg  ffffffff 00000000 S cmdq_auto_relea
root      31    2     0      0     0     -20   0     0     fg  ffffffff 00000000 S cmdq_auto_relea
root      32    2     0      0     0     -20   0     0     fg  ffffffff 00000000 S cmdq_auto_relea
root      33    2     0      0     0     -20   0     0     fg  ffffffff 00000000 S cmdq_auto_relea
root      34    2     0      0     0     -20   0     0     fg  ffffffff 00000000 S cmdq_auto_relea
root      35    2     0      0     0     -20   0     0     fg  ffffffff 00000000 S cmdq_auto_relea
root      36    2     0      0     0     -20   0     0     fg  ffffffff 00000000 S cmdq_auto_relea
root      37    2     0      0     0     -20   0     0     fg  ffffffff 00000000 S cmdq_auto_relea
root      38    2     0      0     0     -20   0     0     fg  ffffffff 00000000 S cmdq_auto_relea
root      39    2     0      0     0     -20   0     0     fg  ffffffff 00000000 S cmdq_auto_relea
root      40    2     0      0     0     -20   0     0     fg  ffffffff 00000000 S cmdq_auto_relea
root      41    2     0      0     0     -20   0     0     fg  ffffffff 00000000 S cmdq_auto_relea
root      42    2     0      0     0     -20   0     0     fg  ffffffff 00000000 S cmdq_auto_relea
root      43    2     0      0     0     -20   0     0     fg  ffffffff 00000000 S cmdq_auto_relea
root      44    2     0      0     0     -20   0     0     fg  ffffffff 00000000 S cmdq_auto_relea
root      45    2     0      0     0     -20   0     0     fg  ffffffff 00000000 S cmdq_auto_relea
root      46    2     0      0     0     -20   0     0     fg  ffffffff 00000000 S cmdq_auto_relea
root      47    2     0      0     0     -20   0     0     fg  ffffffff 00000000 S cmdq_task
root      48    2     0      0     20    0     0     0     fg  ffffffff 00000000 S khubd
root      50    2     0      0     0     -20   0     0     fg  ffffffff 00000000 S cfg80211
root      51    2     0      0     -99   0     98    1     fg  ffffffff 00000000 S pmic_thread
root      52    2     0      0     20    0     0     0     fg  ffffffff 00000000 S bat_percent_not
root      53    2     0      0     -100  0     99    1     fg  ffffffff 00000000 S cfinteractive
root      64    2     0      0     20    0     0     0     fg  ffffffff 00000000 S kswapd0
root      65    2     0      0     20    0     0     0     fg  ffffffff 00000000 S fsnotify_mark
root      84    2     0      0     20    0     0     5     fg  ffffffff 00000000 S ion_mm_heap
root      85    2     0      0     -98   0     97    1     fg  ffffffff 00000000 D hps_main
root      86    2     0      0     -100  0     99    1     fg  ffffffff 00000000 S mt_gpufreq_inpu
root      87    2     0      0     -100  0     99    1     fg  ffffffff 00000000 D hang_detect
root      88    2     0      0     0     -20   0     0     fg  ffffffff 00000000 S emi_mpu
root      89    2     0      0     20    0     0     0     fg  ffffffff 00000000 S conn-md-thread
root      90    2     0      0     20    0     0     0     fg  ffffffff 00000000 D ddp_irq_log_kth
root      91    2     0      0     20    0     0     0     fg  ffffffff 00000000 D display_esd_che
root      93    2     0      0     -88   0     87    2     fg  ffffffff 00000000 S display_recover
root      94    2     0      0     -95   0     94    2     fg  ffffffff 00000000 S decouple_update
root      95    2     0      0     -95   0     94    2     fg  ffffffff 00000000 D decouple_trigge
root      96    2     0      0     20    0     0     0     fg  ffffffff 00000000 S display_check_a
root      97    2     0      0     -88   0     87    2     fg  ffffffff 00000000 S present_fence_w
root      98    2     0      0     -95   0     94    2     fg  ffffffff 00000000 S frame_update_wo
root      99    2     0      0     20    0     0     0     fg  ffffffff 00000000 D disp_idlemgr
root      100   2     0      0     20    0     0     5     fg  ffffffff 00000000 S ion_fb_heap
root      101   2     0      0     0     -20   0     0     fg  ffffffff 00000000 S accdet
root      102   2     0      0     0     -20   0     0     fg  ffffffff 00000000 S accdet_disable
root      104   2     0      0     0     -20   0     0     fg  ffffffff 00000000 S accdet_eint
root      107   2     0      0     0     -20   0     0     fg  ffffffff 00000000 S mtk_vibrator
root      108   2     0      0     20    0     0     0     fg  ffffffff 00000000 S btif_rxd
root      109   2     0      0     0     -20   0     0     fg  ffffffff 00000000 S uether
root      110   2     0      0     0     -20   0     0     fg  ffffffff 00000000 S uether_rx1
root      111   2     0      0     20    0     0     0     fg  ffffffff 00000000 D bat_thread_kthr
root      112   2     0      0     20    0     0     0     fg  ffffffff 00000000 S mtk charger_hv_
root      113   2     0      0     0     -20   0     0     fg  ffffffff 00000000 S binder
root      118   2     0      0     20    0     0     0     fg  ffffffff 00000000 S mmcqd/0
root      119   2     0      0     20    0     0     0     fg  ffffffff 00000000 S mmcqd/0boot0
root      120   2     0      0     20    0     0     0     fg  ffffffff 00000000 S mmcqd/0boot1
root      121   2     0      0     20    0     0     0     fg  ffffffff 00000000 S mmcqd/0rpmb
root      122   2     0      0     -5    0     4     2     fg  ffffffff 00000000 S mtk-tpd
root      123   2     0      0     0     -20   0     0     fg  ffffffff 00000000 S gsl_monitor_wor
root      124   2     0      0     0     -20   0     0     fg  ffffffff 00000000 S deferwq
root      125   2     0      0     20    0     0     0     fg  ffffffff 00000000 S PTP_CTRL_MCUSYS
root      127   2     0      0     -100  0     99    1     fg  ffffffff 00000000 D wdtk-0
root      128   2     0      0     -100  0     99    1     fg  ffffffff 00000000 D wdtk-1
root      129   2     0      0     -100  0     99    1     fg  ffffffff 00000000 D wdtk-2
root      130   2     0      0     -100  0     99    1     fg  ffffffff 00000000 D wdtk-3
root      131   2     0      0     0     -20   0     0     fg  ffffffff 00000000 S sensor_polling
root      132   2     0      0     0     -20   0     0     fg  ffffffff 00000000 S f_mtp
root      133   2     0      0     20    0     0     0     fg  ffffffff 00000000 S file-storage
root      134   1     816    332   20    0     0     0     fg  ffffffff 00000000 S /sbin/ueventd
root      136   2     0      0     0     -20   0     0     fg  ffffffff 00000000 S kworker/1:1H
root      137   2     0      0     0     -20   0     0     fg  ffffffff 00000000 S kworker/0:1H
root      138   2     0      0     20    0     0     0     fg  ffffffff 00000000 S jbd2/mmcblk0p19
root      139   2     0      0     0     -20   0     0     fg  ffffffff 00000000 S ext4-dio-unwrit
root      141   2     0      0     0     -20   0     0     fg  ffffffff 00000000 S kworker/3:1H
root      145   2     0      0     0     -20   0     0     fg  ffffffff 00000000 S kworker/2:1H
root      146   2     0      0     20    0     0     0     fg  ffffffff 00000000 S jbd2/mmcblk0p21
root      147   2     0      0     0     -20   0     0     fg  ffffffff 00000000 S ext4-dio-unwrit
root      151   2     0      0     20    0     0     0     fg  ffffffff 00000000 S jbd2/mmcblk0p20
root      152   2     0      0     0     -20   0     0     fg  ffffffff 00000000 S ext4-dio-unwrit
root      158   2     0      0     20    0     0     0     fg  ffffffff 00000000 S jbd2/mmcblk0p4-
root      159   2     0      0     0     -20   0     0     fg  ffffffff 00000000 S ext4-dio-unwrit
root      165   2     0      0     20    0     0     0     fg  ffffffff 00000000 S jbd2/mmcblk0p5-
root      166   2     0      0     0     -20   0     0     fg  ffffffff 00000000 S ext4-dio-unwrit
root      172   2     0      0     20    0     0     0     fg  ffffffff 00000000 S jbd2/mmcblk0p14
root      173   2     0      0     0     -20   0     0     fg  ffffffff 00000000 S ext4-dio-unwrit
root      195   2     0      0     0     -20   0     0     fg  ffffffff 00000000 S loop0
logd      197   1     6520   708   20    0     0     3     fg  ffffffff 00000000 S /system/bin/logd
logd      249   197   6520   708   20    0     0     3     fg  ffffffff 00000000 S logd
logd      250   197   6520   708   20    0     0     3     fg  ffffffff 00000000 S logd
logd      251   197   6520   708   20    0     0     3     fg  ffffffff 00000000 S logd
logd      258   197   6520   708   20    0     0     3     fg  ffffffff 00000000 S logd.auditd
root      199   1     2744   940   -2    0     1     1     fg  ffffffff 00000000 S /system/bin/lmkd
system    200   1     1324   524   20    0     0     0     fg  ffffffff 00000000 S /system/bin/servicemanager
root      201   1     6288   1212  20    0     0     0     fg  ffffffff 00000000 S /system/bin/vold
root      257   201   6288   1212  20    0     0     0     fg  ffffffff 00000000 S vold
root      421   201   6288   1212  20    0     0     0     fg  ffffffff 00000000 S vold
system    202   1     154360 5320  12    -8    0     0     fg  ffffffff 00000000 S /system/bin/surfaceflinger
system    428   202   154360 5320  20    0     0     0     fg  ffffffff 00000000 S Binder_1
system    429   202   154360 5320  11    -9    0     0     fg  ffffffff 00000000 S DispSync
system    430   202   154360 5320  20    0     0     0     fg  ffffffff 00000000 S Binder_2
system    491   202   154360 5320  12    -8    0     0     fg  ffffffff 00000000 S arch_worker
system    492   202   154360 5320  12    -8    0     0     fg  ffffffff 00000000 S surfaceflinger
system    500   202   154360 5320  12    -8    0     0     fg  ffffffff 00000000 S ged-swd
system    642   202   154360 5320  12    -8    0     0     fg  ffffffff 00000000 S UEventThreadHWC
system    643   202   154360 5320  12    -8    0     0     fg  ffffffff 00000000 S Dispatcher_0
system    644   202   154360 5320  12    -8    0     0     fg  ffffffff 00000000 S UICompThread_0
system    645   202   154360 5320  12    -8    0     0     fg  ffffffff 00000000 S MMCompThread_0
system    646   202   154360 5320  12    -8    0     0     fg  ffffffff 00000000 S VSyncThread_0
system    647   202   154360 5320  12    -8    0     0     fg  ffffffff 00000000 S Swap Worker
system    648   202   154360 5320  30    10    0     0     fg  ffffffff 00000000 S SFWatchDog
system    649   202   154360 5320  12    -8    0     0     fg  ffffffff 00000000 S surfaceflinger
system    650   202   154360 5320  11    -9    0     0     fg  ffffffff 00000000 S EventThread
system    651   202   154360 5320  12    -8    0     0     fg  ffffffff 00000000 S surfaceflinger
system    652   202   154360 5320  11    -9    0     0     fg  ffffffff 00000000 S EventThread
system    653   202   154360 5320  12    -8    0     0     fg  ffffffff 00000000 S EventControl
system    846   202   154360 5320  20    0     0     0     fg  ffffffff 00000000 S Binder_3
system    1763  202   154360 5320  20    0     0     0     fg  ffffffff 00000000 S Binder_4
system    1777  202   154360 5320  20    0     0     0     fg  ffffffff 00000000 S Binder_5
system    204   1     1444   584   20    0     0     0     fg  ffffffff 00000000 S /system/bin/autokd
system    207   1     1040   428   20    0     0     0     fg  ffffffff 00000000 S /system/bin/6620_launcher
radio     209   1     1508   500   20    0     0     0     fg  ffffffff 00000000 S /system/bin/ccci_fsd
system    211   1     2568   744   20    0     0     0     fg  ffffffff 00000000 S /system/bin/ccci_mdinit
root      213   2     0      0     20    0     0     0     fg  ffffffff 00000000 S mtk_stp_psm
root      216   2     0      0     20    0     0     0     fg  ffffffff 00000000 S mtk_stp_btm
root      218   1     10868  768   20    0     0     0     fg  ffffffff 00000000 S /system/bin/netd
root      628   218   10868  768   20    0     0     0     fg  ffffffff 00000000 S netd
root      629   218   10868  768   20    0     0     0     fg  ffffffff 00000000 S netd
root      630   218   10868  768   20    0     0     0     fg  ffffffff 00000000 S netd
root      631   218   10868  768   20    0     0     0     fg  ffffffff 00000000 S netd
root      632   218   10868  768   20    0     0     0     fg  ffffffff 00000000 S netd
root      633   218   10868  768   20    0     0     0     fg  ffffffff 00000000 S netd
root      634   218   10868  768   20    0     0     0     fg  ffffffff 00000000 S netd
root      635   218   10868  768   20    0     0     0     fg  ffffffff 00000000 S netd
root      219   1     2724   900   -29   0     28    2     fg  ffffffff 00000000 S /system/bin/debuggerd
media     221   1     97256  19852 20    0     0     0     fg  ffffffff 00000000 S /system/bin/mediaserver
media     462   221   97256  19852 20    0     0     0     fg  ffffffff 00000000 S mediaserver
media     666   221   97256  19852 4     -16   0     0     fg  ffffffff 00000000 S ApmTone
media     667   221   97256  19852 4     -16   0     0     fg  ffffffff 00000000 S ApmAudio
media     668   221   97256  19852 4     -16   0     0     fg  ffffffff 00000000 S ApmOutput
media     710   221   97256  19852 -93   0     92    2     fg  ffffffff 00000000 S CCCIReadThread
media     712   221   97256  19852 -96   -18   95    2     fg  ffffffff 00000000 S AudioOut_2
media     716   221   97256  19852 20    0     0     0     fg  ffffffff 00000000 S Binder_1
media     990   221   97256  19852 20    0     0     0     fg  ffffffff 00000000 S Binder_2
media     991   221   97256  19852 20    0     0     0     fg  ffffffff 00000000 S Binder_3
media     1131  221   97256  19852 20    0     0     0     fg  ffffffff 00000000 S FileSourceProxy
media     1603  221   97256  19852 -96   0     95    2     fg  ffffffff 00000000 S NotifySender 0x
install   222   1     1192   444   20    0     0     0     fg  ffffffff 00000000 S /system/bin/installd
keystore  223   1     4628   1312  20    0     0     0     fg  ffffffff 00000000 S /system/bin/keystore
shell     224   1     3304   716   20    0     0     0     fg  ffffffff 00000000 S /system/bin/mobile_log_d
shell     524   224   3304   716   20    0     0     0     fg  ffffffff 00000000 S mobile_log_d.wc
root      225   2     0      0     20    0     0     0     fg  ffffffff 00000000 S mtk_wmtd
shell     226   1     3252   472   20    0     0     0     fg  ffffffff 00000000 S /system/bin/netdiag
shell     236   226   3252   472   20    0     0     0     fg  ffffffff 00000000 S netdiag
system    229   1     4696   968   20    0     0     0     fg  ffffffff 00000000 S /system/bin/dm_agent_binder
system    353   229   4696   968   20    0     0     0     fg  ffffffff 00000000 S Binder_1
root      230   2     0      0     0     -20   0     0     fg  ffffffff 00000000 S fm_timer_wq
system    231   1     4608   912   20    0     0     0     fg  ffffffff 00000000 S /system/bin/ppl_agent
system    253   231   4608   912   20    0     0     0     fg  ffffffff 00000000 S Binder_1
gps       233   1     38212  832   20    0     0     0     fg  ffffffff 00000000 S /system/bin/mtk_agpsd
gps       263   233   38212  832   20    0     0     0     fg  ffffffff 00000000 S mtk_agpsd
gps       264   233   38212  832   20    0     0     0     fg  ffffffff 00000000 S mtk_agpsd
gps       265   233   38212  832   20    0     0     0     fg  ffffffff 00000000 S mtk_agpsd
gps       267   233   38212  832   20    0     0     0     fg  ffffffff 00000000 S mtk_agpsd
gps       268   233   38212  832   20    0     0     0     fg  ffffffff 00000000 S mtk_agpsd
gps       269   233   38212  832   20    0     0     0     fg  ffffffff 00000000 S mtk_agpsd
gps       270   233   38212  832   20    0     0     0     fg  ffffffff 00000000 S mtk_agpsd
gps       271   233   38212  832   20    0     0     0     fg  ffffffff 00000000 S mtk_agpsd
gps       272   233   38212  832   20    0     0     0     fg  ffffffff 00000000 S mtk_agpsd
gps       274   233   38212  832   20    0     0     0     fg  ffffffff 00000000 S mtk_agpsd
gps       275   233   38212  832   20    0     0     0     fg  ffffffff 00000000 S mtk_agpsd
gps       276   233   38212  832   20    0     0     0     fg  ffffffff 00000000 S mtk_agpsd
gps       277   233   38212  832   20    0     0     0     fg  ffffffff 00000000 S mtk_agpsd
gps       278   233   38212  832   20    0     0     0     fg  ffffffff 00000000 S mtk_agpsd
gps       279   233   38212  832   20    0     0     0     fg  ffffffff 00000000 S mtk_agpsd
gps       280   233   38212  832   20    0     0     0     fg  ffffffff 00000000 S mtk_agpsd
gps       281   233   38212  832   20    0     0     0     fg  ffffffff 00000000 S mtk_agpsd
gps       282   233   38212  832   20    0     0     0     fg  ffffffff 00000000 S mtk_agpsd
gps       286   233   38212  832   20    0     0     0     fg  ffffffff 00000000 S mtk_agpsd
gps       287   233   38212  832   20    0     0     0     fg  ffffffff 00000000 S mtk_agpsd
gps       288   233   38212  832   20    0     0     0     fg  ffffffff 00000000 S mtk_agpsd
gps       289   233   38212  832   20    0     0     0     fg  ffffffff 00000000 S mtk_agpsd
gps       290   233   38212  832   20    0     0     0     fg  ffffffff 00000000 S mtk_agpsd
gps       291   233   38212  832   20    0     0     0     fg  ffffffff 00000000 S mtk_agpsd
gps       292   233   38212  832   20    0     0     0     fg  ffffffff 00000000 S mtk_agpsd
gps       293   233   38212  832   20    0     0     0     fg  ffffffff 00000000 S mtk_agpsd
gps       296   233   38212  832   20    0     0     0     fg  ffffffff 00000000 S mtk_agpsd
gps       297   233   38212  832   20    0     0     0     fg  ffffffff 00000000 S mtk_agpsd
gps       298   233   38212  832   20    0     0     0     fg  ffffffff 00000000 S mtk_agpsd
gps       299   233   38212  832   20    0     0     0     fg  ffffffff 00000000 S mtk_agpsd
gps       300   233   38212  832   20    0     0     0     fg  ffffffff 00000000 S mtk_agpsd
gps       301   233   38212  832   20    0     0     0     fg  ffffffff 00000000 S mtk_agpsd
root      234   2     0      0     0     -20   0     0     fg  ffffffff 00000000 S fm_eint_wq
wifi      235   1     1104   200   20    0     0     0     fg  ffffffff 00000000 S /system/bin/wifi2agps
root      252   2     0      0     20    0     0     0     fg  ffffffff 00000000 S kauditd
gps       294   1     3740   384   20    0     0     0     fg  ffffffff 00000000 S /system/xbin/mnld
system    295   1     4608   852   20    0     0     0     fg  ffffffff 00000000 S /system/bin/GoogleOtaBinder
system    343   295   4608   852   20    0     0     0     fg  ffffffff 00000000 S Binder_1
system    304   1     4548   852   20    0     0     0     fg  ffffffff 00000000 S /system/bin/nvram_agent_binder
system    339   304   4548   852   20    0     0     0     fg  ffffffff 00000000 S Binder_1
system    306   1     3120   460   20    0     0     0     fg  ffffffff 00000000 S /system/bin/thermal
system    332   306   3120   460   20    0     0     0     fg  ffffffff 00000000 S thermal
system    333   306   3120   460   20    0     0     0     fg  ffffffff 00000000 S thermal
system    307   1     2332   732   20    0     0     0     fg  ffffffff 00000000 S /system/bin/thermald
shell     308   1     2328   812   20    0     0     0     fg  c004e5f8 b6eef724 S /system/bin/batterywarning
system    309   1     4552   920   20    0     0     0     fg  ffffffff 00000000 S /system/bin/MtkCodecService
system    370   309   4552   920   20    0     0     0     fg  ffffffff 00000000 S Binder_1
system    310   1     6248   1708  20    0     0     0     fg  ffffffff 00000000 S /system/bin/guiext-server
system    404   310   6248   1708  20    0     0     0     fg  ffffffff 00000000 S Binder_1
root      312   1     947084 39840 20    0     0     0     fg  ffffffff 00000000 S zygote
root      9263  312   947084 39840 20    0     0     0     fg  ffffffff 00000000 S ReferenceQueueD
root      9264  312   947084 39840 20    0     0     0     fg  ffffffff 00000000 S FinalizerDaemon
root      9265  312   947084 39840 20    0     0     0     fg  ffffffff 00000000 S FinalizerWatchd
root      9266  312   947084 39840 20    0     0     0     fg  ffffffff 00000000 S HeapTrimmerDaem
root      9267  312   947084 39840 20    0     0     0     fg  ffffffff 00000000 S GCDaemon
bluetooth 316   1     15636  2608  20    0     0     0     fg  ffffffff 00000000 S /system/bin/mtkbt
bluetooth 434   316   15636  2608  20    0     0     0     fg  ffffffff 00000000 S mtkbt
system    318   1     26540  4560  20    0     0     0     fg  ffffffff 00000000 S /system/bin/program_binary_service
system    485   318   26540  4560  20    0     0     0     fg  ffffffff 00000000 S Binder_1
media_rw  319   1     3688   552   20    0     0     0     fg  ffffffff 00000000 S /system/bin/sdcard
media_rw  364   319   3688   552   20    0     0     0     fg  ffffffff 00000000 S sdcard
media_rw  365   319   3688   552   20    0     0     0     fg  ffffffff 00000000 S sdcard
system    369   1     34280  5076  20    0     0     0     fg  ffffffff 00000000 S /system/bin/em_svr
shell     655   1     3428   672   20    0     0     0     fg  ffffffff b6ed8540 S /system/bin/mdlogger
shell     660   655   3428   672   20    0     0     0     fg  c013493c b6ed80ac S mdlogger
radio     656   1     15492  504   20    0     0     0     fg  ffffffff 00000000 S /system/bin/gsm0710muxd
radio     669   656   15492  504   20    0     0     0     fg  ffffffff 00000000 S gsm0710muxd
radio     670   656   15492  504   20    0     0     0     fg  ffffffff 00000000 S gsm0710muxd
radio     671   656   15492  504   20    0     0     0     fg  ffffffff 00000000 S gsm0710muxd
radio     672   656   15492  504   20    0     0     0     fg  ffffffff 00000000 S gsm0710muxd
radio     673   656   15492  504   20    0     0     0     fg  ffffffff 00000000 S gsm0710muxd
radio     674   656   15492  504   20    0     0     0     fg  ffffffff 00000000 S gsm0710muxd
radio     675   656   15492  504   20    0     0     0     fg  ffffffff 00000000 S gsm0710muxd
radio     676   656   15492  504   20    0     0     0     fg  ffffffff 00000000 S gsm0710muxd
radio     677   656   15492  504   20    0     0     0     fg  ffffffff 00000000 S gsm0710muxd
radio     678   656   15492  504   20    0     0     0     fg  ffffffff 00000000 S gsm0710muxd
radio     679   656   15492  504   20    0     0     0     fg  ffffffff 00000000 S gsm0710muxd
radio     680   656   15492  504   20    0     0     0     fg  ffffffff 00000000 S gsm0710muxd
radio     681   656   15492  504   20    0     0     0     fg  ffffffff 00000000 S gsm0710muxd
radio     682   656   15492  504   20    0     0     0     fg  ffffffff 00000000 S gsm0710muxd
radio     683   1     30872  1284  20    0     0     0     fg  ffffffff 00000000 S /system/bin/mtkrild
radio     684   683   30872  1284  20    0     0     0     fg  ffffffff 00000000 S mtkrild
radio     685   683   30872  1284  20    0     0     0     fg  ffffffff 00000000 S mtkrild
radio     686   683   30872  1284  20    0     0     0     fg  ffffffff 00000000 S mtkrild
radio     687   683   30872  1284  20    0     0     0     fg  ffffffff 00000000 S mtkrild
radio     688   683   30872  1284  20    0     0     0     fg  ffffffff 00000000 S mtkrild
radio     689   683   30872  1284  20    0     0     0     fg  ffffffff 00000000 S mtkrild
radio     690   683   30872  1284  20    0     0     0     fg  ffffffff 00000000 S mtkrild
radio     691   683   30872  1284  20    0     0     0     fg  ffffffff 00000000 S mtkrild
radio     692   683   30872  1284  20    0     0     0     fg  ffffffff 00000000 S mtkrild
radio     693   683   30872  1284  20    0     0     0     fg  ffffffff 00000000 S mtkrild
radio     694   683   30872  1284  20    0     0     0     fg  ffffffff 00000000 S mtkrild
radio     695   683   30872  1284  20    0     0     0     fg  ffffffff 00000000 S mtkrild
radio     696   683   30872  1284  20    0     0     0     fg  ffffffff 00000000 S mtkrild
radio     697   683   30872  1284  20    0     0     0     fg  ffffffff 00000000 S mtkrild
radio     698   683   30872  1284  20    0     0     0     fg  ffffffff 00000000 S mtkrild
radio     699   683   30872  1284  20    0     0     0     fg  ffffffff 00000000 S mtkrild
radio     700   683   30872  1284  20    0     0     0     fg  ffffffff 00000000 S mtkrild
radio     701   683   30872  1284  20    0     0     0     fg  ffffffff 00000000 S mtkrild
radio     702   683   30872  1284  20    0     0     0     fg  ffffffff 00000000 S mtkrild
radio     703   683   30872  1284  20    0     0     0     fg  ffffffff 00000000 S mtkrild
radio     704   683   30872  1284  20    0     0     0     fg  ffffffff 00000000 S mtkrild
radio     705   683   30872  1284  20    0     0     0     fg  ffffffff 00000000 S mtkrild
radio     706   683   30872  1284  20    0     0     0     fg  ffffffff 00000000 S mtkrild
radio     707   683   30872  1284  20    0     0     0     fg  ffffffff 00000000 S mtkrild
radio     708   683   30872  1284  20    0     0     0     fg  ffffffff 00000000 S mtkrild
radio     709   683   30872  1284  20    0     0     0     fg  ffffffff 00000000 S mtkrild
system    731   312   1107472 83680 18    -2    0     0     fg  ffffffff 00000000 S system_server
system    735   731   1107472 83680 20    0     0     0     fg  ffffffff 00000000 S Heap thread poo
system    736   731   1107472 83680 20    0     0     0     fg  ffffffff 00000000 S Heap thread poo
system    737   731   1107472 83680 20    0     0     0     fg  ffffffff 00000000 S Heap thread poo
system    740   731   1107472 83680 20    0     0     0     fg  ffffffff 00000000 S Signal Catcher
system    741   731   1107472 83680 20    0     0     0     fg  ffffffff 00000000 S ReferenceQueueD
system    742   731   1107472 83680 20    0     0     0     fg  ffffffff 00000000 S FinalizerDaemon
system    743   731   1107472 83680 20    0     0     0     fg  ffffffff 00000000 S FinalizerWatchd
system    744   731   1107472 83680 20    0     0     0     fg  ffffffff 00000000 S HeapTrimmerDaem
system    745   731   1107472 83680 20    0     0     0     fg  ffffffff 00000000 S GCDaemon
system    749   731   1107472 83680 20    0     0     0     fg  ffffffff 00000000 S Binder_1
system    750   731   1107472 83680 20    0     0     0     fg  ffffffff 00000000 S Binder_2
system    751   731   1107472 83680 12    -8    0     0     fg  ffffffff 00000000 S SensorEventAckR
system    752   731   1107472 83680 12    -8    0     0     fg  ffffffff 00000000 S SensorService
system    753   731   1107472 83680 20    0     0     0     fg  ffffffff 00000000 S .ProcessManager
system    755   731   1107472 83680 20    0     0     0     fg  ffffffff 00000000 S Binder_3
system    756   731   1107472 83680 30    10    0     0     bg  ffffffff 00000000 S android.bg
system    757   731   1107472 83680 18    -2    0     0     fg  ffffffff 00000000 S ActivityManager
system    758   731   1107472 83680 20    0     0     0     fg  ffffffff 00000000 S FileObserver
system    759   731   1107472 83680 20    0     0     0     fg  ffffffff 00000000 S android.fg
system    760   731   1107472 83680 18    -2    0     0     fg  ffffffff 00000000 S android.ui
system    761   731   1107472 83680 20    0     0     0     fg  ffffffff 00000000 S android.io
system    762   731   1107472 83680 16    -4    0     0     fg  ffffffff 00000000 S android.display
system    763   731   1107472 83680 20    0     0     0     fg  ffffffff 00000000 S CpuTracker
system    764   731   1107472 83680 20    0     0     0     fg  ffffffff 00000000 S AnrMonitorThrea
system    765   731   1107472 83680 16    -4    0     0     fg  ffffffff 00000000 S PowerManagerSer
system    766   731   1107472 83680 18    -2    0     0     fg  ffffffff 00000000 S system_server
system    767   731   1107472 83680 18    -2    0     0     fg  ffffffff 00000000 S BatteryStats_wa
system    768   731   1107472 83680 20    0     0     0     fg  ffffffff 00000000 S RecoveryManager
system    769   731   1107472 83680 30    10    0     0     bg  ffffffff 00000000 S PackageManager
system    842   731   1107472 83680 20    0     0     0     fg  ffffffff 00000000 S PackageInstalle
system    843   731   1107472 83680 20    0     0     0     fg  ffffffff 00000000 S S.HandlerThread
system    845   731   1107472 83680 20    0     0     0     fg  ffffffff 00000000 S AlarmManager
system    847   731   1107472 83680 12    -8    0     0     fg  ffffffff 00000000 S InputDispatcher
system    848   731   1107472 83680 12    -8    0     0     fg  ffffffff 00000000 S InputReader
system    849   731   1107472 83680 20    0     0     0     fg  ffffffff 00000000 S MountService
system    850   731   1107472 83680 20    0     0     0     fg  ffffffff 00000000 S VoldConnector
system    854   731   1107472 83680 16    -4    0     0     fg  ffffffff 00000000 S RenderThread
system    978   731   1107472 83680 20    0     0     0     fg  ffffffff 00000000 S NetdConnector
system    979   731   1107472 83680 20    0     0     0     fg  ffffffff 00000000 S NetworkStats
system    980   731   1107472 83680 20    0     0     0     fg  ffffffff 00000000 S NetworkPolicy
system    981   731   1107472 83680 20    0     0     0     fg  ffffffff 00000000 S WifiP2pService
system    982   731   1107472 83680 20    0     0     0     fg  ffffffff 00000000 S WifiStateMachin
system    983   731   1107472 83680 20    0     0     0     fg  ffffffff 00000000 S WifiSMForObserv
system    984   731   1107472 83680 20    0     0     0     fg  ffffffff 00000000 S WifiService
system    985   731   1107472 83680 20    0     0     0     fg  ffffffff 00000000 S ConnectivitySer
system    986   731   1107472 83680 20    0     0     0     fg  ffffffff 00000000 S NsdService
system    987   731   1107472 83680 20    0     0     0     fg  ffffffff 00000000 S mDnsConnector
system    988   731   1107472 83680 30    10    0     0     bg  ffffffff 00000000 S ranker
system    989   731   1107472 83680 20    0     0     0     fg  ffffffff 00000000 S AudioService
system    992   731   1107472 83680 20    0     0     0     fg  ffffffff 00000000 S AudioProfileSer
system    996   731   1107472 83680 20    0     0     0     fg  ffffffff 00000000 S UEventObserver
system    998   731   1107472 83680 18    -2    0     0     fg  ffffffff 00000000 S PerfServiceMana
system    1001  731   1107472 83680 20    0     0     0     fg  ffffffff 00000000 S WifiManager
system    1002  731   1107472 83680 20    0     0     0     fg  ffffffff 00000000 S WifiWatchdogSta
system    1003  731   1107472 83680 20    0     0     0     fg  ffffffff 00000000 S WifiScanningSer
system    1004  731   1107472 83680 20    0     0     0     fg  ffffffff 00000000 S WifiRttService
system    1005  731   1107472 83680 30    10    0     0     bg  ffffffff 00000000 S backup
system    1006  731   1107472 83680 20    0     0     0     fg  ffffffff 00000000 S Thread-74
system    1007  731   1107472 83680 18    -2    0     0     fg  ffffffff 00000000 S AMPlus
system    1008  731   1107472 83680 20    0     0     0     fg  ffffffff 00000000 S LazyTaskWriterT
system    1026  731   1107472 83680 20    0     0     0     fg  ffffffff 00000000 S UsbService host
system    1027  731   1107472 83680 20    0     0     0     fg  ffffffff 00000000 S Thread-77
system    1063  731   1107472 83680 20    0     0     0     fg  ffffffff 00000000 S Binder_4
system    1323  731   1107472 83680 20    0     0     0     fg  ffffffff 00000000 S watchdog
system    1324  731   1107472 83680 20    0     0     0     fg  ffffffff 00000000 S SoundPool
system    1325  731   1107472 83680 20    0     0     0     fg  ffffffff 00000000 S SoundPoolThread
system    1411  731   1107472 83680 20    0     0     0     fg  ffffffff 00000000 S NetworkTimeUpda
system    1412  731   1107472 83680 20    0     0     0     fg  ffffffff 00000000 S NetworkTimeUpda
system    1430  731   1107472 83680 20    0     0     0     fg  ffffffff 00000000 S Binder_5
system    1448  731   1107472 83680 20    0     0     0     fg  ffffffff 00000000 S Binder_6
system    1466  731   1107472 83680 20    0     0     0     fg  ffffffff 00000000 S Binder_7
system    1484  731   1107472 83680 20    0     0     0     fg  ffffffff 00000000 S Binder_8
system    1502  731   1107472 83680 20    0     0     0     fg  ffffffff 00000000 S Binder_9
system    1522  731   1107472 83680 20    0     0     0     fg  ffffffff 00000000 S AsyncQueryWorke
system    1666  731   1107472 83680 20    0     0     0     fg  ffffffff 00000000 S Binder_A
system    1667  731   1107472 83680 20    0     0     0     fg  ffffffff 00000000 S Binder_B
system    1668  731   1107472 83680 20    0     0     0     fg  ffffffff 00000000 S Binder_C
system    1816  731   1107472 83680 30    10    0     0     bg  ffffffff 00000000 S AsyncTask #1
system    1957  731   1107472 83680 20    0     0     0     fg  ffffffff 00000000 S Timer-1
system    2040  731   1107472 83680 30    10    0     0     bg  ffffffff 00000000 S AsyncTask #2
system    2086  731   1107472 83680 20    0     0     0     fg  ffffffff 00000000 S pool-1-thread-1
system    2321  731   1107472 83680 -86   -4    85    2     fg  ffffffff 00000000 S arch_worker
system    2322  731   1107472 83680 16    -4    0     0     fg  ffffffff 00000000 S PowerManagerSer
system    2323  731   1107472 83680 16    -4    0     0     fg  ffffffff 00000000 S ged-swd
system    2324  731   1107472 83680 16    -4    0     0     fg  ffffffff 00000000 S Swap Worker
system    4284  731   1107472 83680 30    10    0     0     bg  ffffffff 00000000 S AsyncTask #3
system    4582  731   1107472 83680 20    0     0     0     fg  ffffffff 00000000 S SyncHandler-0
system    4956  731   1107472 83680 30    10    0     0     bg  ffffffff 00000000 S AsyncTask #4
system    5626  731   1107472 83680 30    10    0     0     bg  ffffffff 00000000 S AsyncTask #5
system    5860  731   1107472 83680 20    0     0     0     fg  ffffffff 00000000 S UsbDebuggingMan
system    8919  731   1107472 83680 20    0     0     0     fg  ffffffff 00000000 S Binder_D
system    8920  731   1107472 83680 20    0     0     0     fg  ffffffff 00000000 S Binder_E
u0_a6     1101  312   972540 35392 20    0     0     0     bg  ffffffff 00000000 S android.process.media
u0_a6     1104  1101  972540 35392 20    0     0     0     bg  ffffffff 00000000 S Heap thread poo
u0_a6     1108  1101  972540 35392 20    0     0     0     bg  ffffffff 00000000 S Heap thread poo
u0_a6     1109  1101  972540 35392 20    0     0     0     bg  ffffffff 00000000 S Heap thread poo
u0_a6     1112  1101  972540 35392 20    0     0     0     bg  ffffffff 00000000 S Signal Catcher
u0_a6     1113  1101  972540 35392 20    0     0     0     bg  ffffffff 00000000 S ReferenceQueueD
u0_a6     1114  1101  972540 35392 20    0     0     0     bg  ffffffff 00000000 S FinalizerDaemon
u0_a6     1115  1101  972540 35392 20    0     0     0     bg  ffffffff 00000000 S FinalizerWatchd
u0_a6     1117  1101  972540 35392 20    0     0     0     bg  ffffffff 00000000 S HeapTrimmerDaem
u0_a6     1118  1101  972540 35392 20    0     0     0     bg  ffffffff 00000000 S GCDaemon
u0_a6     1119  1101  972540 35392 20    0     0     0     fg  ffffffff 00000000 S Binder_1
u0_a6     1120  1101  972540 35392 20    0     0     0     fg  ffffffff 00000000 S Binder_2
u0_a6     1255  1101  972540 35392 30    10    0     0     bg  ffffffff 00000000 S thumbs thread
u0_a6     2137  1101  972540 35392 20    0     0     0     bg  ffffffff 00000000 S DownloadReceive
u0_a6     2228  1101  972540 35392 20    0     0     0     fg  ffffffff 00000000 S Binder_3
u0_a6     2247  1101  972540 35392 20    0     0     0     fg  ffffffff 00000000 S Binder_4
u0_a6     3859  1101  972540 35392 20    0     0     0     fg  ffffffff 00000000 S Binder_5
u0_a6     4889  1101  972540 35392 20    0     0     0     fg  ffffffff 00000000 S Binder_6
u0_a6     5098  1101  972540 35392 20    0     0     0     fg  ffffffff 00000000 S Binder_7
u0_a6     5152  1101  972540 35392 20    0     0     0     fg  ffffffff 00000000 S Binder_8
u0_a6     5919  1101  972540 35392 20    0     0     0     bg  ffffffff 00000000 S MtpServer
u0_a6     6612  1101  972540 35392 16    -4    0     0     bg  ffffffff 00000000 S RenderThread
u0_a21    1343  312   990432 32420 20    0     0     0     fg  ffffffff 00000000 S com.google.android.googlequicksearchbox:interactor
u0_a21    1347  1343  990432 32420 20    0     0     0     fg  ffffffff 00000000 S Heap thread poo
u0_a21    1349  1343  990432 32420 20    0     0     0     fg  ffffffff 00000000 S Heap thread poo
u0_a21    1350  1343  990432 32420 20    0     0     0     fg  ffffffff 00000000 S Heap thread poo
u0_a21    1352  1343  990432 32420 20    0     0     0     fg  ffffffff 00000000 S Signal Catcher
u0_a21    1353  1343  990432 32420 20    0     0     0     fg  ffffffff 00000000 S ReferenceQueueD
u0_a21    1354  1343  990432 32420 20    0     0     0     fg  ffffffff 00000000 S FinalizerDaemon
u0_a21    1356  1343  990432 32420 20    0     0     0     fg  ffffffff 00000000 S FinalizerWatchd
u0_a21    1357  1343  990432 32420 20    0     0     0     fg  ffffffff 00000000 S HeapTrimmerDaem
u0_a21    1359  1343  990432 32420 20    0     0     0     fg  ffffffff 00000000 S GCDaemon
u0_a21    1360  1343  990432 32420 20    0     0     0     fg  ffffffff 00000000 S Binder_1
u0_a21    1362  1343  990432 32420 20    0     0     0     fg  ffffffff 00000000 S Binder_2
u0_a21    1732  1343  990432 32420 30    10    0     0     bg  ffffffff 00000000 S AsyncTask #1
u0_a21    6662  1343  990432 32420 16    -4    0     0     fg  ffffffff 00000000 S RenderThread
u0_a52    1392  312   978132 35552 20    0     0     0     bg  ffffffff 00000000 S com.google.android.inputmethod.latin
u0_a52    1396  1392  978132 35552 20    0     0     0     bg  ffffffff 00000000 S Heap thread poo
u0_a52    1397  1392  978132 35552 20    0     0     0     bg  ffffffff 00000000 S Heap thread poo
u0_a52    1399  1392  978132 35552 20    0     0     0     bg  ffffffff 00000000 S Heap thread poo
u0_a52    1401  1392  978132 35552 20    0     0     0     bg  ffffffff 00000000 S Signal Catcher
u0_a52    1402  1392  978132 35552 20    0     0     0     bg  ffffffff 00000000 S ReferenceQueueD
u0_a52    1403  1392  978132 35552 20    0     0     0     bg  ffffffff 00000000 S FinalizerDaemon
u0_a52    1404  1392  978132 35552 20    0     0     0     bg  ffffffff 00000000 S FinalizerWatchd
u0_a52    1405  1392  978132 35552 20    0     0     0     bg  ffffffff 00000000 S HeapTrimmerDaem
u0_a52    1406  1392  978132 35552 20    0     0     0     bg  ffffffff 00000000 S GCDaemon
u0_a52    1407  1392  978132 35552 20    0     0     0     fg  ffffffff 00000000 S Binder_1
u0_a52    1408  1392  978132 35552 20    0     0     0     fg  ffffffff 00000000 S Binder_2
u0_a52    1581  1392  978132 35552 30    10    0     0     bg  ffffffff 00000000 S AsyncTask #1
u0_a52    1582  1392  978132 35552 20    0     0     0     bg  ffffffff 00000000 S onDictionary.fr
u0_a52    1583  1392  978132 35552 20    0     0     0     bg  ffffffff 00000000 S alDictionary.fr
u0_a52    1584  1392  978132 35552 20    0     0     0     bg  ffffffff 00000000 S r - contacts.fr
u0_a52    1585  1392  978132 35552 20    0     0     0     bg  ffffffff 00000000 S  userunigram.fr
u0_a52    1586  1392  978132 35552 20    0     0     0     bg  ffffffff 00000000 S ryDictionary.fr
u0_a52    1596  1392  978132 35552 20    0     0     0     bg  ffffffff 00000000 S Executor - Init
u0_a52    1600  1392  978132 35552 30    10    0     0     bg  ffffffff 00000000 S Thread-61
u0_a52    1625  1392  978132 35552 20    0     0     0     bg  ffffffff 00000000 S pool-1-thread-1
u0_a52    1894  1392  978132 35552 20    0     0     0     fg  ffffffff 00000000 S pool-2-thread-1
u0_a52    6638  1392  978132 35552 16    -4    0     0     fg  ffffffff 00000000 S RenderThread
bluetooth 1413  312   958964 30288 20    0     0     0     fg  ffffffff 00000000 S com.mediatek.bluetooth
bluetooth 1419  1413  958964 30288 20    0     0     0     fg  ffffffff 00000000 S Heap thread poo
bluetooth 1420  1413  958964 30288 20    0     0     0     fg  ffffffff 00000000 S Heap thread poo
bluetooth 1421  1413  958964 30288 20    0     0     0     fg  ffffffff 00000000 S Heap thread poo
bluetooth 1422  1413  958964 30288 20    0     0     0     fg  ffffffff 00000000 S Signal Catcher
bluetooth 1423  1413  958964 30288 20    0     0     0     fg  ffffffff 00000000 S ReferenceQueueD
bluetooth 1424  1413  958964 30288 20    0     0     0     fg  ffffffff 00000000 S FinalizerDaemon
bluetooth 1425  1413  958964 30288 20    0     0     0     fg  ffffffff 00000000 S FinalizerWatchd
bluetooth 1426  1413  958964 30288 20    0     0     0     fg  ffffffff 00000000 S HeapTrimmerDaem
bluetooth 1427  1413  958964 30288 20    0     0     0     fg  ffffffff 00000000 S GCDaemon
bluetooth 1428  1413  958964 30288 20    0     0     0     fg  ffffffff 00000000 S Binder_1
bluetooth 1429  1413  958964 30288 20    0     0     0     fg  ffffffff 00000000 S Binder_2
bluetooth 1540  1413  958964 30288 20    0     0     0     fg  ffffffff 00000000 S BT Advanced Eve
bluetooth 6660  1413  958964 30288 16    -4    0     0     fg  ffffffff 00000000 S RenderThread
u0_a62    1431  312   957848 28172 20    0     0     0     fg  ffffffff 00000000 S com.mediatek.nlpservice
u0_a62    1436  1431  957848 28172 20    0     0     0     fg  ffffffff 00000000 S Heap thread poo
u0_a62    1437  1431  957848 28172 20    0     0     0     fg  ffffffff 00000000 S Heap thread poo
u0_a62    1439  1431  957848 28172 20    0     0     0     fg  ffffffff 00000000 S Heap thread poo
u0_a62    1440  1431  957848 28172 20    0     0     0     fg  ffffffff 00000000 S Signal Catcher
u0_a62    1441  1431  957848 28172 20    0     0     0     fg  ffffffff 00000000 S ReferenceQueueD
u0_a62    1442  1431  957848 28172 20    0     0     0     fg  ffffffff 00000000 S FinalizerDaemon
u0_a62    1443  1431  957848 28172 20    0     0     0     fg  ffffffff 00000000 S FinalizerWatchd
u0_a62    1444  1431  957848 28172 20    0     0     0     fg  ffffffff 00000000 S HeapTrimmerDaem
u0_a62    1445  1431  957848 28172 20    0     0     0     fg  ffffffff 00000000 S GCDaemon
u0_a62    1446  1431  957848 28172 20    0     0     0     fg  ffffffff 00000000 S Binder_1
u0_a62    1447  1431  957848 28172 20    0     0     0     fg  ffffffff 00000000 S Binder_2
u0_a62    2661  1431  957848 28172 20    0     0     0     fg  ffffffff 00000000 S [NlpService]
u0_a62    2662  1431  957848 28172 20    0     0     0     fg  ffffffff 00000000 S Thread-64
u0_a62    6658  1431  957848 28172 16    -4    0     0     fg  ffffffff 00000000 S RenderThread
u0_a76    1449  312   1035652 60804 20    0     0     0     fg  ffffffff 00000000 S com.mediatek.voicecommand
u0_a76    1454  1449  1035652 60804 20    0     0     0     fg  ffffffff 00000000 S Heap thread poo
u0_a76    1455  1449  1035652 60804 20    0     0     0     fg  ffffffff 00000000 S Heap thread poo
u0_a76    1456  1449  1035652 60804 20    0     0     0     fg  ffffffff 00000000 S Heap thread poo
u0_a76    1458  1449  1035652 60804 20    0     0     0     fg  ffffffff 00000000 S Signal Catcher
u0_a76    1459  1449  1035652 60804 20    0     0     0     fg  ffffffff 00000000 S ReferenceQueueD
u0_a76    1460  1449  1035652 60804 20    0     0     0     fg  ffffffff 00000000 S FinalizerDaemon
u0_a76    1461  1449  1035652 60804 20    0     0     0     fg  ffffffff 00000000 S FinalizerWatchd
u0_a76    1462  1449  1035652 60804 20    0     0     0     fg  ffffffff 00000000 S HeapTrimmerDaem
u0_a76    1463  1449  1035652 60804 20    0     0     0     fg  ffffffff 00000000 S GCDaemon
u0_a76    1464  1449  1035652 60804 20    0     0     0     fg  ffffffff 00000000 S Binder_1
u0_a76    1465  1449  1035652 60804 20    0     0     0     fg  ffffffff 00000000 S Binder_2
u0_a76    2093  1449  1035652 60804 20    0     0     0     fg  ffffffff 00000000 S VoiceHandlerThr
u0_a76    2094  1449  1035652 60804 20    0     0     0     fg  ffffffff 00000000 S VoiceWakeupMode
u0_a76    2095  1449  1035652 60804 20    0     0     0     fg  ffffffff 00000000 S VoiceWakeupHand
u0_a76    6656  1449  1035652 60804 16    -4    0     0     fg  ffffffff 00000000 S RenderThread
radio     1467  312   995628 42444 20    0     0     0     fg  ffffffff 00000000 S com.android.phone
radio     1472  1467  995628 42444 20    0     0     0     fg  ffffffff 00000000 S Heap thread poo
radio     1473  1467  995628 42444 20    0     0     0     fg  ffffffff 00000000 S Heap thread poo
